Archive member included because of file (symbol)

C:/Temp/MyProject_01/boards/frdmk64f_frdmcr20a/wireless_examples/ieee_802_15_4/msn_coordinator/freertos/kds/../../../../../../../middleware/mmcau_2.0.0/asm-cm4-cm7/lib_mmcau.a(mmcau_aes_functions.o)
                              ./mmcau/mmcau_source/fsl_mmcau.o (mmcau_aes_set_key)
C:/Temp/MyProject_01/boards/frdmk64f_frdmcr20a/wireless_examples/ieee_802_15_4/msn_coordinator/freertos/kds/../../../../../../../middleware/mmcau_2.0.0/asm-cm4-cm7/lib_mmcau.a(mmcau_des_functions.o)
                              ./mmcau/mmcau_source/fsl_mmcau.o (mmcau_des_chk_parity)
C:/Temp/MyProject_01/boards/frdmk64f_frdmcr20a/wireless_examples/ieee_802_15_4/msn_coordinator/freertos/kds/../../../../../../../middleware/mmcau_2.0.0/asm-cm4-cm7/lib_mmcau.a(mmcau_md5_functions.o)
                              ./mmcau/mmcau_source/fsl_mmcau.o (mmcau_md5_initialize_output)
C:/Temp/MyProject_01/boards/frdmk64f_frdmcr20a/wireless_examples/ieee_802_15_4/msn_coordinator/freertos/kds/../../../../../../../middleware/mmcau_2.0.0/asm-cm4-cm7/lib_mmcau.a(mmcau_sha1_functions.o)
                              ./mmcau/mmcau_source/fsl_mmcau.o (mmcau_sha1_initialize_output)
C:/Temp/MyProject_01/boards/frdmk64f_frdmcr20a/wireless_examples/ieee_802_15_4/msn_coordinator/freertos/kds/../../../../../../../middleware/mmcau_2.0.0/asm-cm4-cm7/lib_mmcau.a(mmcau_sha256_functions.o)
                              ./mmcau/mmcau_source/fsl_mmcau.o (mmcau_sha256_initialize_output)
C:/Temp/MyProject_01/boards/frdmk64f_frdmcr20a/wireless_examples/ieee_802_15_4/msn_coordinator/freertos/kds/../../../../../../../middleware/wireless/ieee_802_15_4_5.0.5/mac/lib/802.15.4_mac_06_cM4.a(MacPib.o)
                              ./source/msn_coordinator.o (Mac_SetExtendedAddress)
C:/Temp/MyProject_01/boards/frdmk64f_frdmcr20a/wireless_examples/ieee_802_15_4/msn_coordinator/freertos/kds/../../../../../../../middleware/wireless/ieee_802_15_4_5.0.5/mac/lib/802.15.4_mac_06_cM4.a(MacMain.o)
                              ./source/msn_coordinator.o (BindToMAC)
C:/Temp/MyProject_01/boards/frdmk64f_frdmcr20a/wireless_examples/ieee_802_15_4/msn_coordinator/freertos/kds/../../../../../../../middleware/wireless/ieee_802_15_4_5.0.5/mac/lib/802.15.4_mac_06_cM4.a(MacStateMachine.o)
                              C:/Temp/MyProject_01/boards/frdmk64f_frdmcr20a/wireless_examples/ieee_802_15_4/msn_coordinator/freertos/kds/../../../../../../../middleware/wireless/ieee_802_15_4_5.0.5/mac/lib/802.15.4_mac_06_cM4.a(MacMain.o) (Mac_PhyMsgHandler)
C:/Temp/MyProject_01/boards/frdmk64f_frdmcr20a/wireless_examples/ieee_802_15_4/msn_coordinator/freertos/kds/../../../../../../../middleware/wireless/ieee_802_15_4_5.0.5/mac/lib/802.15.4_mac_06_cM4.a(Association.o)
                              C:/Temp/MyProject_01/boards/frdmk64f_frdmcr20a/wireless_examples/ieee_802_15_4/msn_coordinator/freertos/kds/../../../../../../../middleware/wireless/ieee_802_15_4_5.0.5/mac/lib/802.15.4_mac_06_cM4.a(MacMain.o) (Association_VerifyParameters)
C:/Temp/MyProject_01/boards/frdmk64f_frdmcr20a/wireless_examples/ieee_802_15_4/msn_coordinator/freertos/kds/../../../../../../../middleware/wireless/ieee_802_15_4_5.0.5/mac/lib/802.15.4_mac_06_cM4.a(DataRx.o)
                              C:/Temp/MyProject_01/boards/frdmk64f_frdmcr20a/wireless_examples/ieee_802_15_4/msn_coordinator/freertos/kds/../../../../../../../middleware/wireless/ieee_802_15_4_5.0.5/mac/lib/802.15.4_mac_06_cM4.a(MacStateMachine.o) (Mac_CreateMlmeCommStatusInd)
C:/Temp/MyProject_01/boards/frdmk64f_frdmcr20a/wireless_examples/ieee_802_15_4/msn_coordinator/freertos/kds/../../../../../../../middleware/wireless/ieee_802_15_4_5.0.5/mac/lib/802.15.4_mac_06_cM4.a(DataTx.o)
                              C:/Temp/MyProject_01/boards/frdmk64f_frdmcr20a/wireless_examples/ieee_802_15_4/msn_coordinator/freertos/kds/../../../../../../../middleware/wireless/ieee_802_15_4_5.0.5/mac/lib/802.15.4_mac_06_cM4.a(MacMain.o) (DataTx_SendData)
C:/Temp/MyProject_01/boards/frdmk64f_frdmcr20a/wireless_examples/ieee_802_15_4/msn_coordinator/freertos/kds/../../../../../../../middleware/wireless/ieee_802_15_4_5.0.5/mac/lib/802.15.4_mac_06_cM4.a(Disassociation.o)
                              C:/Temp/MyProject_01/boards/frdmk64f_frdmcr20a/wireless_examples/ieee_802_15_4/msn_coordinator/freertos/kds/../../../../../../../middleware/wireless/ieee_802_15_4_5.0.5/mac/lib/802.15.4_mac_06_cM4.a(MacMain.o) (Disassociation_VerifyParameters)
C:/Temp/MyProject_01/boards/frdmk64f_frdmcr20a/wireless_examples/ieee_802_15_4/msn_coordinator/freertos/kds/../../../../../../../middleware/wireless/ieee_802_15_4_5.0.5/mac/lib/802.15.4_mac_06_cM4.a(Orphan.o)
                              C:/Temp/MyProject_01/boards/frdmk64f_frdmcr20a/wireless_examples/ieee_802_15_4/msn_coordinator/freertos/kds/../../../../../../../middleware/wireless/ieee_802_15_4_5.0.5/mac/lib/802.15.4_mac_06_cM4.a(MacMain.o) (Orphan_VerifyParameters)
[...]
Memory Configuration

Name             Origin             Length             Attributes
TEXT_region1     0x00000000         0x00000400         xr
m_flash_config_region 0x00000400         0x00000010         xr
TEXT_region2     0x00000411         0x000febee         xr
DATA_region      0x1fff0000         0x00040000         rw
PRODUCT_INFO_region 0x000ff000         0x00000fff         xr
*default*        0x00000000         0xffffffff

Linker script and memory map

LOAD c:/freescale/kds_v3/toolchain/bin/../lib/gcc/arm-none-eabi/4.8.4/armv7e-m/softfp/crti.o
LOAD c:/freescale/kds_v3/toolchain/bin/../lib/gcc/arm-none-eabi/4.8.4/armv7e-m/softfp/crtbegin.o
LOAD c:/freescale/kds_v3/toolchain/bin/../lib/gcc/arm-none-eabi/4.8.4/../../../../arm-none-eabi/lib/armv7e-m/softfp/crt0.o
START GROUP
LOAD ./utilities/fsl_debug_console.o
LOAD ./usb/osa/usb_osa_freertos.o
LOAD ./usb/device/source/khci/usb_device_khci.o
LOAD ./usb/device/source/usb_device_dci.o
LOAD ./startup/startup_MK64F12.o
LOAD ./startup/system_MK64F12.o
LOAD ./source/Purger.o
LOAD ./source/msn_coordinator.o
LOAD ./mmcau/mmcau_source/fsl_mmcau.o
LOAD ./ieee_802.15.4/phy/source/XcvrSPI/Spi.o
LOAD ./ieee_802.15.4/phy/source/MCR20A/MCR20Drv/MCR20Drv.o
LOAD ./ieee_802.15.4/phy/source/ASP.o
LOAD ./ieee_802.15.4/phy/source/MPM.o
LOAD ./ieee_802.15.4/phy/source/PhyDebug.o
LOAD ./ieee_802.15.4/phy/source/PhyISR.o
LOAD ./ieee_802.15.4/phy/source/PhyPacketProcessor.o
LOAD ./ieee_802.15.4/phy/source/PhyPlmeData.o
LOAD ./ieee_802.15.4/phy/source/PhyStateMachine.o
LOAD ./ieee_802.15.4/phy/source/PhyTime.o
LOAD ./ieee_802.15.4/App/FsciAspCommands.o
LOAD ./ieee_802.15.4/App/FsciMacCommands.o
LOAD ./ieee_802.15.4/App/MacGlobals.o
LOAD ./freertos/portable/port.o
LOAD ./freertos/croutine.o
LOAD ./freertos/event_groups.o
LOAD ./freertos/heap_4.o
LOAD ./freertos/list.o
LOAD ./freertos/queue.o
LOAD ./freertos/tasks.o
LOAD ./freertos/timers.o
LOAD ./framework/TimersManager/Source/TMR_Adapter.o
LOAD ./framework/TimersManager/Source/TimersManager.o
LOAD ./framework/SerialManager/Source/USB_VirtualCom/Source/usb_device_cdc_acm.o
LOAD ./framework/SerialManager/Source/USB_VirtualCom/Source/usb_device_ch9.o
LOAD ./framework/SerialManager/Source/USB_VirtualCom/Source/usb_device_class.o
LOAD ./framework/SerialManager/Source/USB_VirtualCom/Source/usb_device_descriptor.o
LOAD ./framework/SerialManager/Source/USB_VirtualCom/Source/virtual_com.o
LOAD ./framework/SerialManager/Source/SPI_Adapter/SPI_Adapter.o
LOAD ./framework/SerialManager/Source/I2C_Adapter.o
LOAD ./framework/SerialManager/Source/SerialManager.o
LOAD ./framework/SerialManager/Source/UART_Adapter.o
LOAD ./framework/SecLib/SecLib.o
LOAD ./framework/Reset/Source/Reset.o
LOAD ./framework/RNG/Source/RNG.o
LOAD ./framework/Panic/Source/Panic.o
LOAD ./framework/OSAbstraction/Interface/fsl_os_abstraction_free_rtos.o
LOAD ./framework/Messaging/Source/Messaging.o
LOAD ./framework/MemManager/Source/MemManager.o
LOAD ./framework/MWSCoexistence/Source/MWS.o
LOAD ./framework/Lists/GenericList.o
LOAD ./framework/LED/Source/LED.o
LOAD ./framework/Keyboard/Source/Keyboard.o
LOAD ./framework/GPIO/Source/GPIO_Adapter.o
LOAD ./framework/FunctionLib/FunctionLib.o
LOAD ./framework/Flash/Internal/Flash_Adapter.o
LOAD ./drivers/fsl_clock.o
LOAD ./drivers/fsl_common.o
LOAD ./drivers/fsl_dspi.o
LOAD ./drivers/fsl_flash.o
LOAD ./drivers/fsl_ftm.o
LOAD ./drivers/fsl_gpio.o
LOAD ./drivers/fsl_i2c.o
LOAD ./drivers/fsl_llwu.o
LOAD ./drivers/fsl_lptmr.o
LOAD ./drivers/fsl_mpu.o
LOAD ./drivers/fsl_rnga.o
LOAD ./drivers/fsl_rtc.o
LOAD ./drivers/fsl_sim.o
LOAD ./drivers/fsl_smc.o
LOAD ./drivers/fsl_uart.o
LOAD ./board/board.o
LOAD ./board/clock_config.o
LOAD ./board/gpio_pins.o
LOAD ./board/hardware_init.o
LOAD ./board/pin_mux.o
LOAD C:/Temp/MyProject_01/boards/frdmk64f_frdmcr20a/wireless_examples/ieee_802_15_4/msn_coordinator/freertos/kds/../../../../../../../middleware/mmcau_2.0.0/asm-cm4-cm7/lib_mmcau.a
LOAD C:/Temp/MyProject_01/boards/frdmk64f_frdmcr20a/wireless_examples/ieee_802_15_4/msn_coordinator/freertos/kds/../../../../../../../middleware/wireless/ieee_802_15_4_5.0.5/mac/lib/802.15.4_mac_06_cM4.a
LOAD C:/Temp/MyProject_01/boards/frdmk64f_frdmcr20a/wireless_examples/ieee_802_15_4/msn_coordinator/freertos/kds/../../../../../../../middleware/wireless/framework_5.0.5/SecLib/lib_crypto_M4.a
LOAD c:/freescale/kds_v3/toolchain/bin/../lib/gcc/arm-none-eabi/4.8.4/../../../../arm-none-eabi/lib/armv7e-m/softfp\libg_s.a
LOAD c:/freescale/kds_v3/toolchain/bin/../lib/gcc/arm-none-eabi/4.8.4/armv7e-m/softfp\libgcc.a
LOAD c:/freescale/kds_v3/toolchain/bin/../lib/gcc/arm-none-eabi/4.8.4/../../../../arm-none-eabi/lib/armv7e-m/softfp\libnosys.a
END GROUP
LOAD c:/freescale/kds_v3/toolchain/bin/../lib/gcc/arm-none-eabi/4.8.4/../../../../arm-none-eabi/lib/armv7e-m/softfp\libstdc++_s.a
LOAD c:/freescale/kds_v3/toolchain/bin/../lib/gcc/arm-none-eabi/4.8.4/../../../../arm-none-eabi/lib/armv7e-m/softfp\libm.a
START GROUP
LOAD c:/freescale/kds_v3/toolchain/bin/../lib/gcc/arm-none-eabi/4.8.4/armv7e-m/softfp\libgcc.a
LOAD c:/freescale/kds_v3/toolchain/bin/../lib/gcc/arm-none-eabi/4.8.4/../../../../arm-none-eabi/lib/armv7e-m/softfp\libg_s.a
LOAD c:/freescale/kds_v3/toolchain/bin/../lib/gcc/arm-none-eabi/4.8.4/../../../../arm-none-eabi/lib/armv7e-m/softfp\libc_s.a
END GROUP
START GROUP
LOAD c:/freescale/kds_v3/toolchain/bin/../lib/gcc/arm-none-eabi/4.8.4/armv7e-m/softfp\libgcc.a
LOAD c:/freescale/kds_v3/toolchain/bin/../lib/gcc/arm-none-eabi/4.8.4/../../../../arm-none-eabi/lib/armv7e-m/softfp\libc_s.a
END GROUP
LOAD c:/freescale/kds_v3/toolchain/bin/../lib/gcc/arm-none-eabi/4.8.4/armv7e-m/softfp/crtend.o
LOAD c:/freescale/kds_v3/toolchain/bin/../lib/gcc/arm-none-eabi/4.8.4/armv7e-m/softfp/crtn.o
                0x1fff0000                _RAM_START_ = 0x1fff0000
                0x2002ffff                _RAM_END_ = 0x2002ffff
                0x000ff000                FREESCALE_PROD_DATA_BASE_ADDR = 0xff000
                0x00000400                __RAM_VECTOR_TABLE_SIZE = 0x400
                0x2002fbea                __BOOT_STACK_ADDRESS = 0x2002fbea
                0x1ffffffb                __dummy_start = 0x1ffffffb

.interrupts     0x00000000      0x400
                0x00000000                __VECTOR_TABLE = .
                0x00000000                . = ALIGN (0x4)
 *(.isr_vector)
 .isr_vector    0x00000000      0x400 ./startup/startup_MK64F12.o
                0x00000000                __isr_vector
                0x00000400                . = ALIGN (0x4)

.freescale_prod_data
                0x000ff000        0x0
                0x000ff000                . = ALIGN (0x4)
 *(.FREESCALE_PROD_DATA)
                0x000ff000                . = ALIGN (0x4)

.flash_config   0x00000400       0x10
                0x00000400                . = ALIGN (0x4)
 *(.FlashConfig)
 .FlashConfig   0x00000400       0x10 ./startup/startup_MK64F12.o
                0x00000410                . = ALIGN (0x4)

.text           0x00000420    0x16db8
                0x00000420                . = ALIGN (0x4)
 *(.text)
 .text          0x00000420       0x54 c:/freescale/kds_v3/toolchain/bin/../lib/gcc/arm-none-eabi/4.8.4/armv7e-m/softfp/crtbegin.o
 .text          0x00000474       0x74 c:/freescale/kds_v3/toolchain/bin/../lib/gcc/arm-none-eabi/4.8.4/../../../../arm-none-eabi/lib/armv7e-m/softfp/crt0.o
                0x00000474                _start
                0x00000474                _mainCRTStartup
 .text          0x000004e8      0x1fc ./startup/startup_MK64F12.o
                0x000004e8                Reset_Handler
                0x00000544                DebugMon_Handler
                0x00000544                PORTC_IRQHandler
                0x00000544                DMA0_DriverIRQHandler
                0x00000544                DMA12_DriverIRQHandler
                0x00000544                WDOG_EWM_IRQHandler
                0x00000544                DMA_Error_DriverIRQHandler
                0x00000544                CMP0_IRQHandler
                0x00000544                DMA7_DriverIRQHandler
                0x00000544                ENET_Transmit_DriverIRQHandler
                0x00000544                DMA2_DriverIRQHandler
                0x00000544                UART1_ERR_DriverIRQHandler
                0x00000544                BusFault_Handler
                0x00000544                SDHC_DriverIRQHandler
                0x00000544                PIT0_IRQHandler
                0x00000544                LPTMR0_IRQHandler
                0x00000544                CMP2_IRQHandler
                0x00000544                LLWU_IRQHandler
                0x00000544                I2S0_Tx_DriverIRQHandler
                0x00000544                DMA6_DriverIRQHandler
                0x00000544                FTM2_IRQHandler
                0x00000544                PORTE_IRQHandler
                0x00000544                FTM3_IRQHandler
                0x00000544                ENET_1588_Timer_DriverIRQHandler
                0x00000544                SWI_IRQHandler
                0x00000544                ADC0_IRQHandler
                0x00000544                UsageFault_Handler
                0x00000544                CAN0_DriverIRQHandler
                0x00000544                CMT_IRQHandler
                0x00000544                MCM_IRQHandler
                0x00000544                DAC1_IRQHandler
                0x00000544                DefaultISR
                0x00000544                PORTA_IRQHandler
                0x00000544                UART5_ERR_DriverIRQHandler
                0x00000544                FTM0_IRQHandler
                0x00000544                DMA11_DriverIRQHandler
                0x00000544                CMP1_IRQHandler
                0x00000544                Reserved71_IRQHandler
                0x00000544                PORTD_IRQHandler
                0x00000544                PORTB_IRQHandler
                0x00000544                DMA10_DriverIRQHandler
                0x00000544                LVD_LVW_IRQHandler
                0x00000544                UART2_ERR_DriverIRQHandler
                0x00000544                ADC1_IRQHandler
                0x00000544                DMA5_DriverIRQHandler
                0x00000544                DMA4_DriverIRQHandler
                0x00000544                PIT1_IRQHandler
                0x00000544                PIT2_IRQHandler
                0x00000544                DMA15_DriverIRQHandler
                0x00000544                ENET_Error_DriverIRQHandler
                0x00000544                RTC_IRQHandler
                0x00000544                UART3_ERR_DriverIRQHandler
                0x00000544                PDB0_IRQHandler
                0x00000544                FTFE_IRQHandler
                0x00000544                FTM1_IRQHandler
                0x00000544                DMA13_DriverIRQHandler
                0x00000544                DAC0_IRQHandler
                0x00000544                DMA3_DriverIRQHandler
                0x00000544                PIT3_IRQHandler
                0x00000544                ENET_Receive_DriverIRQHandler
                0x00000544                RTC_Seconds_IRQHandler
                0x00000544                MCG_IRQHandler
                0x00000544                USB0_IRQHandler
                0x00000544                DMA9_DriverIRQHandler
                0x00000544                DMA8_DriverIRQHandler
                0x00000544                UART0_ERR_DriverIRQHandler
                0x00000544                I2S0_Rx_DriverIRQHandler
                0x00000544                RNG_IRQHandler
                0x00000544                DMA1_DriverIRQHandler
                0x00000544                Read_Collision_IRQHandler
                0x00000544                DMA14_DriverIRQHandler
                0x00000544                UART0_LON_DriverIRQHandler
                0x00000544                MemManage_Handler
                0x00000544                USBDCD_IRQHandler
                0x00000544                UART4_ERR_DriverIRQHandler
                0x0000054c                HardFault_Handler
                0x0000055c                DMA0_IRQHandler
                0x00000560                DMA1_IRQHandler
                0x00000564                DMA2_IRQHandler
                0x00000568                DMA3_IRQHandler
                0x0000056c                DMA4_IRQHandler
                0x00000570                DMA5_IRQHandler
                0x00000574                DMA6_IRQHandler
                0x00000578                DMA7_IRQHandler
                0x0000057c                DMA8_IRQHandler
                0x00000580                DMA9_IRQHandler
                0x00000584                DMA10_IRQHandler
                0x00000588                DMA11_IRQHandler
                0x0000058c                DMA12_IRQHandler
                0x00000590                DMA13_IRQHandler
                0x00000594                DMA14_IRQHandler
                0x00000598                DMA15_IRQHandler
                0x0000059c                DMA_Error_IRQHandler
                0x000005a0                I2C0_IRQHandler
                0x000005a4                I2C1_IRQHandler
                0x000005a8                SPI0_IRQHandler
                0x000005ac                SPI1_IRQHandler
                0x000005b0                I2S0_Tx_IRQHandler
                0x000005b4                I2S0_Rx_IRQHandler
                0x000005b8                UART0_LON_IRQHandler
                0x000005bc                UART0_RX_TX_IRQHandler
                0x000005c0                UART0_ERR_IRQHandler
                0x000005c4                UART1_RX_TX_IRQHandler
                0x000005c8                UART1_ERR_IRQHandler
                0x000005cc                UART2_RX_TX_IRQHandler
                0x000005d0                UART2_ERR_IRQHandler
                0x000005d4                UART3_RX_TX_IRQHandler
                0x000005d8                UART3_ERR_IRQHandler
                0x000005dc                SPI2_IRQHandler
                0x000005e0                UART4_RX_TX_IRQHandler
                0x000005e4                UART4_ERR_IRQHandler
                0x000005e8                UART5_RX_TX_IRQHandler
                0x000005ec                UART5_ERR_IRQHandler
                0x000005f0                I2C2_IRQHandler
                0x000005f4                CAN0_ORed_Message_buffer_IRQHandler
                0x000005f8                CAN0_Bus_Off_IRQHandler
                0x000005fc                CAN0_Error_IRQHandler
                0x00000600                CAN0_Tx_Warning_IRQHandler
                0x00000604                CAN0_Rx_Warning_IRQHandler
                0x00000608                CAN0_Wake_Up_IRQHandler
                0x0000060c                SDHC_IRQHandler
                0x00000610                ENET_1588_Timer_IRQHandler
                0x00000614                ENET_Transmit_IRQHandler
                0x00000618                ENET_Receive_IRQHandler
                0x0000061c                ENET_Error_IRQHandler
 *fill*         0x000006e4        0xc 
 .text          0x000006f0      0x800 C:/Temp/MyProject_01/boards/frdmk64f_frdmcr20a/wireless_examples/ieee_802_15_4/msn_coordinator/freertos/kds/../../../../../../../middleware/mmcau_2.0.0/asm-cm4-cm7/lib_mmcau.a(mmcau_aes_functions.o)
                0x000006f0                _mmcau_aes_set_key
                0x000006f0                mmcau_aes_set_key
                0x00000c70                mmcau_aes_encrypt
                0x00000c70                _mmcau_aes_encrypt
                0x00000da0                mmcau_aes_decrypt
                0x00000da0                _mmcau_aes_decrypt
 .text          0x00000ef0     0x1810 C:/Temp/MyProject_01/boards/frdmk64f_frdmcr20a/wireless_examples/ieee_802_15_4/msn_coordinator/freertos/kds/../../../../../../../middleware/wireless/framework_5.0.5/SecLib/lib_crypto_M4.a(SW_AES128.o)
                0x0000130c                gpXTimeTable
                0x000014c0                gInvSbox_s
                0x000015c0                CCM_CreateA0
                0x000015e8                sw_Aes128
                0x00002344                sw_AES128_CCM
                0x00002600                gSBox_c
 .text          0x00002700       0x34 C:/Temp/MyProject_01/boards/frdmk64f_frdmcr20a/wireless_examples/ieee_802_15_4/msn_coordinator/freertos/kds/../../../../../../../middleware/wireless/framework_5.0.5/SecLib/lib_crypto_M4.a(SW_RNG.o)
                0x00002700                SecLib_set_rng_seed
                0x0000270e                SecLib_get_random
 .text          0x00002734       0x2c c:/freescale/kds_v3/toolchain/bin/../lib/gcc/arm-none-eabi/4.8.4/armv7e-m/softfp\libgcc.a(_aeabi_uldivmod.o)
                0x00002734                __aeabi_uldivmod
 .text          0x00002760       0x60 c:/freescale/kds_v3/toolchain/bin/../lib/gcc/arm-none-eabi/4.8.4/armv7e-m/softfp\libgcc.a(bpabi.o)
                0x00002760                __gnu_ldivmod_helper
                0x00002790                __gnu_uldivmod_helper
 .text          0x000027c0        0x4 c:/freescale/kds_v3/toolchain/bin/../lib/gcc/arm-none-eabi/4.8.4/armv7e-m/softfp\libgcc.a(_dvmd_tls.o)
                0x000027c0                __aeabi_idiv0
                0x000027c0                __aeabi_ldiv0
 .text          0x000027c4      0x298 c:/freescale/kds_v3/toolchain/bin/../lib/gcc/arm-none-eabi/4.8.4/armv7e-m/softfp\libgcc.a(_divdi3.o)
                0x000027c4                __divdi3
 .text          0x00002a5c      0x284 c:/freescale/kds_v3/toolchain/bin/../lib/gcc/arm-none-eabi/4.8.4/armv7e-m/softfp\libgcc.a(_udivdi3.o)
                0x00002a5c                __udivdi3
 *(.text*)
 .text.DbgConsole_Printf
                0x00002ce0       0x40 ./utilities/fsl_debug_console.o
                0x00002ce0                DbgConsole_Printf
 .text.DbgConsole_Putchar
                0x00002d20       0x38 ./utilities/fsl_debug_console.o
                0x00002d20                DbgConsole_Putchar
 .text.DbgConsole_PrintfPaddingCharacter
                0x00002d58       0x40 ./utilities/fsl_debug_console.o
 .text.DbgConsole_ConvertRadixNumToString
                0x00002d98      0x118 ./utilities/fsl_debug_console.o
 .text.DbgConsole_PrintfFormattedData
                0x00002eb0      0x36c ./utilities/fsl_debug_console.o
 .text.SystemInit
                0x0000321c       0x3c ./startup/system_MK64F12.o
                0x0000321c                SystemInit
 .text.Purger_Init
                0x00003258       0x50 ./source/Purger.o
                0x00003258                Purger_Init
 .text.Purger_Track
                0x000032a8       0xac ./source/Purger.o
                0x000032a8                Purger_Track
 .text.Purger_Remove
                0x00003354       0x5c ./source/Purger.o
                0x00003354                Purger_Remove
 .text.Purger_Check
                0x000033b0      0x114 ./source/Purger.o
                0x000033b0                Purger_Check
 .text.main_task
                0x000034c4       0x74 ./source/msn_coordinator.o
                0x000034c4                main_task
 .text.App_init
                0x00003538       0xbc ./source/msn_coordinator.o
                0x00003538                App_init
 .text.AppThread
                0x000035f4      0x380 ./source/msn_coordinator.o
                0x000035f4                AppThread
 .text.App_CommRxCallBack
                0x00003974       0x5c ./source/msn_coordinator.o
 .text.App_StartScan
                0x000039d0       0xbc ./source/msn_coordinator.o
 .text.App_HandleScanEdConfirm
                0x00003a8c      0x104 ./source/msn_coordinator.o
 .text.App_StartCoordinator
                0x00003b90      0x134 ./source/msn_coordinator.o
 .text.App_SendAssociateResponse
                0x00003cc4      0x180 ./source/msn_coordinator.o
 .text.App_HandleMlmeInput
                0x00003e44      0x174 ./source/msn_coordinator.o
 .text.App_HandleMcpsInput
                0x00003fb8      0x174 ./source/msn_coordinator.o
 .text.App_WaitMsg
                0x0000412c       0x34 ./source/msn_coordinator.o
 .text.App_TransmitData
                0x00004160      0x210 ./source/msn_coordinator.o
 .text.App_TransmitMessageSAT
                0x00004370      0x248 ./source/msn_coordinator.o
 .text.App_CommSendDeviceInfo
                0x000045b8       0x90 ./source/msn_coordinator.o
 .text.App_RemoveDevice
                0x00004648       0x80 ./source/msn_coordinator.o
 .text.App_UpdateLEDs
                0x000046c8       0x84 ./source/msn_coordinator.o
 .text.App_IntervalTimeoutHandler
                0x0000474c       0x64 ./source/msn_coordinator.o
 .text.App_HandleGenericKey
                0x000047b0       0x28 ./source/msn_coordinator.o
 .text.App_HandleKeys
                0x000047d8       0x20 ./source/msn_coordinator.o
 .text.MLME_NWK_SapHandler
                0x000047f8       0x30 ./source/msn_coordinator.o
                0x000047f8                MLME_NWK_SapHandler
 .text.MCPS_NWK_SapHandler
                0x00004828       0x30 ./source/msn_coordinator.o
                0x00004828                MCPS_NWK_SapHandler
 .text.App_AutenticationMessage
                0x00004858      0x10c ./source/msn_coordinator.o
                0x00004858                App_AutenticationMessage
 .text.DSPI_SetFifoEnable
                0x00004964       0x48 ./ieee_802.15.4/phy/source/XcvrSPI/Spi.o
 .text.DSPI_FlushFifo
                0x000049ac       0x3c ./ieee_802.15.4/phy/source/XcvrSPI/Spi.o
 .text.DSPI_MasterGetFormattedCommand
                0x000049e8       0x4c ./ieee_802.15.4/phy/source/XcvrSPI/Spi.o
 .text.DSPI_ReadData
                0x00004a34       0x18 ./ieee_802.15.4/phy/source/XcvrSPI/Spi.o
 .text.spi_master_init
                0x00004a4c       0xa0 ./ieee_802.15.4/phy/source/XcvrSPI/Spi.o
                0x00004a4c                spi_master_init
 .text.spi_master_configure_speed
                0x00004aec       0x40 ./ieee_802.15.4/phy/source/XcvrSPI/Spi.o
                0x00004aec                spi_master_configure_speed
 .text.spi_master_transfer
                0x00004b2c       0x9c ./ieee_802.15.4/phy/source/XcvrSPI/Spi.o
                0x00004b2c                spi_master_transfer
 .text.MCR20Drv_Init
                0x00004bc8       0x48 ./ieee_802.15.4/phy/source/MCR20A/MCR20Drv/MCR20Drv.o
                0x00004bc8                MCR20Drv_Init
 .text.MCR20Drv_DirectAccessSPIWrite
                0x00004c10       0x68 ./ieee_802.15.4/phy/source/MCR20A/MCR20Drv/MCR20Drv.o
                0x00004c10                MCR20Drv_DirectAccessSPIWrite
 .text.MCR20Drv_DirectAccessSPIMultiByteWrite
                0x00004c78       0x6c ./ieee_802.15.4/phy/source/MCR20A/MCR20Drv/MCR20Drv.o
                0x00004c78                MCR20Drv_DirectAccessSPIMultiByteWrite
 .text.MCR20Drv_PB_SPIBurstWrite
                0x00004ce4       0x64 ./ieee_802.15.4/phy/source/MCR20A/MCR20Drv/MCR20Drv.o
                0x00004ce4                MCR20Drv_PB_SPIBurstWrite
 .text.MCR20Drv_DirectAccessSPIRead
                0x00004d48       0x6c ./ieee_802.15.4/phy/source/MCR20A/MCR20Drv/MCR20Drv.o
                0x00004d48                MCR20Drv_DirectAccessSPIRead
 .text.MCR20Drv_DirectAccessSPIMultiByteRead
                0x00004db4       0x80 ./ieee_802.15.4/phy/source/MCR20A/MCR20Drv/MCR20Drv.o
                0x00004db4                MCR20Drv_DirectAccessSPIMultiByteRead
 .text.MCR20Drv_PB_SPIBurstRead
                0x00004e34       0x70 ./ieee_802.15.4/phy/source/MCR20A/MCR20Drv/MCR20Drv.o
                0x00004e34                MCR20Drv_PB_SPIBurstRead
 .text.MCR20Drv_IndirectAccessSPIWrite
                0x00004ea4       0x64 ./ieee_802.15.4/phy/source/MCR20A/MCR20Drv/MCR20Drv.o
                0x00004ea4                MCR20Drv_IndirectAccessSPIWrite
 .text.MCR20Drv_IndirectAccessSPIMultiByteWrite
                0x00004f08       0x78 ./ieee_802.15.4/phy/source/MCR20A/MCR20Drv/MCR20Drv.o
                0x00004f08                MCR20Drv_IndirectAccessSPIMultiByteWrite
 .text.MCR20Drv_IndirectAccessSPIRead
                0x00004f80       0x70 ./ieee_802.15.4/phy/source/MCR20A/MCR20Drv/MCR20Drv.o
                0x00004f80                MCR20Drv_IndirectAccessSPIRead
 .text.MCR20Drv_IndirectAccessSPIMultiByteRead
                0x00004ff0       0x78 ./ieee_802.15.4/phy/source/MCR20A/MCR20Drv/MCR20Drv.o
                0x00004ff0                MCR20Drv_IndirectAccessSPIMultiByteRead
 .text.MCR20Drv_IRQ_PortConfig
                0x00005068       0x38 ./ieee_802.15.4/phy/source/MCR20A/MCR20Drv/MCR20Drv.o
                0x00005068                MCR20Drv_IRQ_PortConfig
 .text.MCR20Drv_IsIrqPending
                0x000050a0       0x20 ./ieee_802.15.4/phy/source/MCR20A/MCR20Drv/MCR20Drv.o
                0x000050a0                MCR20Drv_IsIrqPending
 .text.MCR20Drv_IRQ_Disable
                0x000050c0       0x3c ./ieee_802.15.4/phy/source/MCR20A/MCR20Drv/MCR20Drv.o
                0x000050c0                MCR20Drv_IRQ_Disable
 .text.MCR20Drv_IRQ_Enable
                0x000050fc       0x44 ./ieee_802.15.4/phy/source/MCR20A/MCR20Drv/MCR20Drv.o
                0x000050fc                MCR20Drv_IRQ_Enable
 .text.MCR20Drv_IRQ_Clear
                0x00005140       0x10 ./ieee_802.15.4/phy/source/MCR20A/MCR20Drv/MCR20Drv.o
                0x00005140                MCR20Drv_IRQ_Clear
 .text.MCR20Drv_RST_B_Assert
                0x00005150       0x10 ./ieee_802.15.4/phy/source/MCR20A/MCR20Drv/MCR20Drv.o
                0x00005150                MCR20Drv_RST_B_Assert
 .text.MCR20Drv_RST_B_Deassert
                0x00005160       0x10 ./ieee_802.15.4/phy/source/MCR20A/MCR20Drv/MCR20Drv.o
                0x00005160                MCR20Drv_RST_B_Deassert
 .text.MCR20Drv_RESET
                0x00005170       0x24 ./ieee_802.15.4/phy/source/MCR20A/MCR20Drv/MCR20Drv.o
                0x00005170                MCR20Drv_RESET
 .text.MCR20Drv_Set_CLK_OUT_Freq
                0x00005194       0x34 ./ieee_802.15.4/phy/source/MCR20A/MCR20Drv/MCR20Drv.o
                0x00005194                MCR20Drv_Set_CLK_OUT_Freq
 .text.MPM_AcquirePAN
                0x000051c8       0x18 ./ieee_802.15.4/phy/source/MPM.o
                0x000051c8                MPM_AcquirePAN
 .text.MPM_ReleasePAN
                0x000051e0       0x18 ./ieee_802.15.4/phy/source/MPM.o
                0x000051e0                MPM_ReleasePAN
 .text.PhyIsrPassRxParams
                0x000051f8       0x1c ./ieee_802.15.4/phy/source/PhyISR.o
                0x000051f8                PhyIsrPassRxParams
 .text.PhyIsrSeqCleanup
                0x00005214       0x58 ./ieee_802.15.4/phy/source/PhyISR.o
                0x00005214                PhyIsrSeqCleanup
 .text.Phy_GetEnergyLevel
                0x0000526c       0x40 ./ieee_802.15.4/phy/source/PhyISR.o
                0x0000526c                Phy_GetEnergyLevel
 .text.Phy_LqiConvert
                0x000052ac       0x44 ./ieee_802.15.4/phy/source/PhyISR.o
 .text.PHY_InterruptHandler
                0x000052f0      0x658 ./ieee_802.15.4/phy/source/PhyISR.o
                0x000052f0                PHY_InterruptHandler
 .text.PHY_InstallIsr
                0x00005948       0x1c ./ieee_802.15.4/phy/source/PhyISR.o
                0x00005948                PHY_InstallIsr
 .text.Phy_RestartRxFromISR
                0x00005964      0x108 ./ieee_802.15.4/phy/source/PhyISR.o
 .text.PhyHwInit
                0x00005a6c      0x148 ./ieee_802.15.4/phy/source/PhyPacketProcessor.o
                0x00005a6c                PhyHwInit
 .text.PhyAbort
                0x00005bb4      0x110 ./ieee_802.15.4/phy/source/PhyPacketProcessor.o
                0x00005bb4                PhyAbort
 .text.PhyPpGetState
                0x00005cc4       0x1c ./ieee_802.15.4/phy/source/PhyPacketProcessor.o
                0x00005cc4                PhyPpGetState
 .text.PhyPpSetPanId
                0x00005ce0       0x34 ./ieee_802.15.4/phy/source/PhyPacketProcessor.o
                0x00005ce0                PhyPpSetPanId
 .text.PhyPpSetShortAddr
                0x00005d14       0x34 ./ieee_802.15.4/phy/source/PhyPacketProcessor.o
                0x00005d14                PhyPpSetShortAddr
 .text.PhyPpSetLongAddr
                0x00005d48       0x34 ./ieee_802.15.4/phy/source/PhyPacketProcessor.o
                0x00005d48                PhyPpSetLongAddr
 .text.PhyPpSetMacRole
                0x00005d7c       0x80 ./ieee_802.15.4/phy/source/PhyPacketProcessor.o
                0x00005d7c                PhyPpSetMacRole
 .text.PhyPpSetPromiscuous
                0x00005dfc       0x80 ./ieee_802.15.4/phy/source/PhyPacketProcessor.o
                0x00005dfc                PhyPpSetPromiscuous
 .text.PhyPp_IndirectQueueInsert
                0x00005e7c       0x54 ./ieee_802.15.4/phy/source/PhyPacketProcessor.o
                0x00005e7c                PhyPp_IndirectQueueInsert
 .text.PhyPp_RemoveFromIndirect
                0x00005ed0       0x3c ./ieee_802.15.4/phy/source/PhyPacketProcessor.o
                0x00005ed0                PhyPp_RemoveFromIndirect
 .text.PhyPpSetCcaThreshold
                0x00005f0c       0x20 ./ieee_802.15.4/phy/source/PhyPacketProcessor.o
                0x00005f0c                PhyPpSetCcaThreshold
 .text.PhyPpSetDualPanSamLvl
                0x00005f2c       0x44 ./ieee_802.15.4/phy/source/PhyPacketProcessor.o
                0x00005f2c                PhyPpSetDualPanSamLvl
 .text.PhyPlmeSetPwrState
                0x00005f70      0x130 ./ieee_802.15.4/phy/source/PhyPacketProcessor.o
                0x00005f70                PhyPlmeSetPwrState
 .text.PhyPdDataRequest
                0x000060a0      0x1e4 ./ieee_802.15.4/phy/source/PhyPlmeData.o
                0x000060a0                PhyPdDataRequest
 .text.PhyPlmeRxRequest
                0x00006284      0x16c ./ieee_802.15.4/phy/source/PhyPlmeData.o
                0x00006284                PhyPlmeRxRequest
 .text.PhyPlmeTimmedRxRequest
                0x000063f0      0x254 ./ieee_802.15.4/phy/source/PhyPlmeData.o
                0x000063f0                PhyPlmeTimmedRxRequest
 .text.PhyPlmeCcaEdRequest
                0x00006644      0x12c ./ieee_802.15.4/phy/source/PhyPlmeData.o
                0x00006644                PhyPlmeCcaEdRequest
 .text.PhyPlmeSetCurrentChannelRequest
                0x00006770       0xbc ./ieee_802.15.4/phy/source/PhyPlmeData.o
                0x00006770                PhyPlmeSetCurrentChannelRequest
 .text.PhyPlmeGetCurrentChannelRequest
                0x0000682c       0x30 ./ieee_802.15.4/phy/source/PhyPlmeData.o
                0x0000682c                PhyPlmeGetCurrentChannelRequest
 .text.PhyPlmeSetPwrLevelRequest
                0x0000685c       0x5c ./ieee_802.15.4/phy/source/PhyPlmeData.o
                0x0000685c                PhyPlmeSetPwrLevelRequest
 .text.PhyPlmeSetPIBRequest
                0x000068b8      0x1ec ./ieee_802.15.4/phy/source/PhyPlmeData.o
                0x000068b8                PhyPlmeSetPIBRequest
 .text.PhyPlmeGetPIBRequest
                0x00006aa4      0x1d8 ./ieee_802.15.4/phy/source/PhyPlmeData.o
                0x00006aa4                PhyPlmeGetPIBRequest
 .text.PhyRxRetry
                0x00006c7c       0x78 ./ieee_802.15.4/phy/source/PhyPlmeData.o
 .text.Phy_Init
                0x00006cf4       0xa4 ./ieee_802.15.4/phy/source/PhyStateMachine.o
                0x00006cf4                Phy_Init
 .text.BindToPHY
                0x00006d98       0x18 ./ieee_802.15.4/phy/source/PhyStateMachine.o
                0x00006d98                BindToPHY
 .text.Phy_RegisterSapHandlers
                0x00006db0       0x40 ./ieee_802.15.4/phy/source/PhyStateMachine.o
                0x00006db0                Phy_RegisterSapHandlers
 .text.Phy24Task
                0x00006df0      0x1c8 ./ieee_802.15.4/phy/source/PhyStateMachine.o
 .text.MAC_PD_SapHandler
                0x00006fb8       0xa8 ./ieee_802.15.4/phy/source/PhyStateMachine.o
                0x00006fb8                MAC_PD_SapHandler
 .text.MAC_PLME_SapHandler
                0x00007060      0x164 ./ieee_802.15.4/phy/source/PhyStateMachine.o
                0x00007060                MAC_PLME_SapHandler
 .text.Phy_HandlePdDataReq
                0x000071c4      0x100 ./ieee_802.15.4/phy/source/PhyStateMachine.o
 .text.Phy_EnterIdle
                0x000072c4       0x90 ./ieee_802.15.4/phy/source/PhyStateMachine.o
 .text.PhyPlmeSetFrameWaitTime
                0x00007354       0x2c ./ieee_802.15.4/phy/source/PhyStateMachine.o
                0x00007354                PhyPlmeSetFrameWaitTime
 .text.PhyPlmeSetRxOnWhenIdle
                0x00007380      0x138 ./ieee_802.15.4/phy/source/PhyStateMachine.o
                0x00007380                PhyPlmeSetRxOnWhenIdle
 .text.PhyIsIdleRx
                0x000074b8       0x40 ./ieee_802.15.4/phy/source/PhyStateMachine.o
                0x000074b8                PhyIsIdleRx
 .text.Radio_Phy_PdDataConfirm
                0x000074f8      0x144 ./ieee_802.15.4/phy/source/PhyStateMachine.o
                0x000074f8                Radio_Phy_PdDataConfirm
 .text.Radio_Phy_PdDataIndication
                0x0000763c       0x28 ./ieee_802.15.4/phy/source/PhyStateMachine.o
                0x0000763c                Radio_Phy_PdDataIndication
 .text.Radio_Phy_TimeWaitTimeoutIndication
                0x00007664       0x14 ./ieee_802.15.4/phy/source/PhyStateMachine.o
                0x00007664                Radio_Phy_TimeWaitTimeoutIndication
 .text.Radio_Phy_PlmeCcaConfirm
                0x00007678       0x40 ./ieee_802.15.4/phy/source/PhyStateMachine.o
                0x00007678                Radio_Phy_PlmeCcaConfirm
 .text.Radio_Phy_PlmeEdConfirm
                0x000076b8       0x40 ./ieee_802.15.4/phy/source/PhyStateMachine.o
                0x000076b8                Radio_Phy_PlmeEdConfirm
 .text.Radio_Phy_TimeRxTimeoutIndication
                0x000076f8       0x44 ./ieee_802.15.4/phy/source/PhyStateMachine.o
                0x000076f8                Radio_Phy_TimeRxTimeoutIndication
 .text.Radio_Phy_TimeStartEventIndication
                0x0000773c       0x14 ./ieee_802.15.4/phy/source/PhyStateMachine.o
                0x0000773c                Radio_Phy_TimeStartEventIndication
 .text.Radio_Phy_PlmeRxSfdDetect
                0x00007750       0xd8 ./ieee_802.15.4/phy/source/PhyStateMachine.o
                0x00007750                Radio_Phy_PlmeRxSfdDetect
 .text.Radio_Phy_PlmeSyncLossIndication
                0x00007828       0x18 ./ieee_802.15.4/phy/source/PhyStateMachine.o
                0x00007828                Radio_Phy_PlmeSyncLossIndication
 .text.Radio_Phy_PlmeFilterFailRx
                0x00007840       0x84 ./ieee_802.15.4/phy/source/PhyStateMachine.o
                0x00007840                Radio_Phy_PlmeFilterFailRx
 .text.PLME_SendMessage
                0x000078c4       0xc4 ./ieee_802.15.4/phy/source/PhyStateMachine.o
 .text.PD_SendMessage
                0x00007988      0x210 ./ieee_802.15.4/phy/source/PhyStateMachine.o
 .text.Phy_SendLatePLME
                0x00007b98       0x20 ./ieee_802.15.4/phy/source/PhyStateMachine.o
 .text.Phy_SendLatePD
                0x00007bb8       0x20 ./ieee_802.15.4/phy/source/PhyStateMachine.o
 .text.Radio_Phy_Notify
                0x00007bd8       0x28 ./ieee_802.15.4/phy/source/PhyStateMachine.o
                0x00007bd8                Radio_Phy_Notify
 .text.PhyTimeSetEventTrigger
                0x00007c00       0x78 ./ieee_802.15.4/phy/source/PhyTime.o
                0x00007c00                PhyTimeSetEventTrigger
 .text.PhyTimeSetEventTimeout
                0x00007c78       0x80 ./ieee_802.15.4/phy/source/PhyTime.o
                0x00007c78                PhyTimeSetEventTimeout
 .text.PhyTimeReadClock
                0x00007cf8       0x30 ./ieee_802.15.4/phy/source/PhyTime.o
                0x00007cf8                PhyTimeReadClock
 .text.PhyTimeSetWaitTimeout
                0x00007d28       0x60 ./ieee_802.15.4/phy/source/PhyTime.o
                0x00007d28                PhyTimeSetWaitTimeout
 .text.PhyTime_ISR
                0x00007d88       0x50 ./ieee_802.15.4/phy/source/PhyTime.o
                0x00007d88                PhyTime_ISR
 .text.PhyTime_TimerInit
                0x00007dd8       0x88 ./ieee_802.15.4/phy/source/PhyTime.o
                0x00007dd8                PhyTime_TimerInit
 .text.PhyTime_GetTimestamp
                0x00007e60       0x4c ./ieee_802.15.4/phy/source/PhyTime.o
                0x00007e60                PhyTime_GetTimestamp
 .text.PhyTime_ScheduleEvent
                0x00007eac       0xc0 ./ieee_802.15.4/phy/source/PhyTime.o
                0x00007eac                PhyTime_ScheduleEvent
 .text.PhyTime_CancelEvent
                0x00007f6c       0x8c ./ieee_802.15.4/phy/source/PhyTime.o
                0x00007f6c                PhyTime_CancelEvent
 .text.PhyTime_CancelEventsWithParam
                0x00007ff8       0xa0 ./ieee_802.15.4/phy/source/PhyTime.o
                0x00007ff8                PhyTime_CancelEventsWithParam
 .text.PhyTime_RunCallback
                0x00008098       0x60 ./ieee_802.15.4/phy/source/PhyTime.o
                0x00008098                PhyTime_RunCallback
 .text.PhyTime_Maintenance
                0x000080f8       0xb8 ./ieee_802.15.4/phy/source/PhyTime.o
                0x000080f8                PhyTime_Maintenance
 .text.PhyTime_OverflowCB
                0x000081b0       0x4c ./ieee_802.15.4/phy/source/PhyTime.o
 .text.PhyTime_GetNextEvent
                0x000081fc       0x74 ./ieee_802.15.4/phy/source/PhyTime.o
 .text.MAC_Monitor
                0x00008270       0x1c ./ieee_802.15.4/App/FsciMacCommands.o
                0x00008270                MAC_Monitor
 .text.MAC_Init
                0x0000828c       0x60 ./ieee_802.15.4/App/MacGlobals.o
                0x0000828c                MAC_Init
 .text.pxPortInitialiseStack
                0x000082ec       0x64 ./freertos/portable/port.o
                0x000082ec                pxPortInitialiseStack
 .text.prvTaskExitError
                0x00008350       0x3c ./freertos/portable/port.o
 .text.SVC_Handler
                0x0000838c       0x20 ./freertos/portable/port.o
                0x0000838c                SVC_Handler
 .text.prvPortStartFirstTask
                0x000083ac       0x20 ./freertos/portable/port.o
 .text.xPortStartScheduler
                0x000083cc      0x118 ./freertos/portable/port.o
                0x000083cc                xPortStartScheduler
 .text.vPortEnterCritical
                0x000084e4       0x5c ./freertos/portable/port.o
                0x000084e4                vPortEnterCritical
 .text.vPortExitCritical
                0x00008540       0x4c ./freertos/portable/port.o
                0x00008540                vPortExitCritical
 .text.PendSV_Handler
                0x0000858c       0x60 ./freertos/portable/port.o
                0x0000858c                PendSV_Handler
 .text.SysTick_Handler
                0x000085ec       0x44 ./freertos/portable/port.o
                0x000085ec                SysTick_Handler
 .text.vPortSetupTimerInterrupt
                0x00008630       0x40 ./freertos/portable/port.o
                0x00008630                vPortSetupTimerInterrupt
 .text.vPortEnableVFP
                0x00008670       0x14 ./freertos/portable/port.o
 .text.vPortValidateInterruptPriority
                0x00008684       0x78 ./freertos/portable/port.o
                0x00008684                vPortValidateInterruptPriority
 .text.xEventGroupCreate
                0x000086fc       0x30 ./freertos/event_groups.o
                0x000086fc                xEventGroupCreate
 .text.xEventGroupWaitBits
                0x0000872c      0x194 ./freertos/event_groups.o
                0x0000872c                xEventGroupWaitBits
 .text.xEventGroupSetBits
                0x000088c0      0x114 ./freertos/event_groups.o
                0x000088c0                xEventGroupSetBits
 .text.vEventGroupSetBitsCallback
                0x000089d4       0x18 ./freertos/event_groups.o
                0x000089d4                vEventGroupSetBitsCallback
 .text.prvTestWaitCondition
                0x000089ec       0x44 ./freertos/event_groups.o
 .text.pvPortMalloc
                0x00008a30      0x184 ./freertos/heap_4.o
                0x00008a30                pvPortMalloc
 .text.vPortFree
                0x00008bb4       0xb0 ./freertos/heap_4.o
                0x00008bb4                vPortFree
 .text.prvHeapInit
                0x00008c64       0xc4 ./freertos/heap_4.o
 .text.prvInsertBlockIntoFreeList
                0x00008d28       0xb0 ./freertos/heap_4.o
 .text.vListInitialise
                0x00008dd8       0x40 ./freertos/list.o
                0x00008dd8                vListInitialise
 .text.vListInitialiseItem
                0x00008e18       0x18 ./freertos/list.o
                0x00008e18                vListInitialiseItem
 .text.vListInsertEnd
                0x00008e30       0x48 ./freertos/list.o
                0x00008e30                vListInsertEnd
 .text.vListInsert
                0x00008e78       0x70 ./freertos/list.o
                0x00008e78                vListInsert
 .text.uxListRemove
                0x00008ee8       0x54 ./freertos/list.o
                0x00008ee8                uxListRemove
 .text.xQueueGenericReset
                0x00008f3c       0xd0 ./freertos/queue.o
                0x00008f3c                xQueueGenericReset
 .text.xQueueGenericCreate
                0x0000900c       0xac ./freertos/queue.o
                0x0000900c                xQueueGenericCreate
 .text.xQueueCreateMutex
                0x000090b8       0x7c ./freertos/queue.o
                0x000090b8                xQueueCreateMutex
 .text.xQueueGetMutexHolder
                0x00009134       0x30 ./freertos/queue.o
                0x00009134                xQueueGetMutexHolder
 .text.xQueueCreateCountingSemaphore
                0x00009164       0x7c ./freertos/queue.o
                0x00009164                xQueueCreateCountingSemaphore
 .text.xQueueGenericSend
                0x000091e0      0x1ec ./freertos/queue.o
                0x000091e0                xQueueGenericSend
 .text.xQueueGenericSendFromISR
                0x000093cc      0x118 ./freertos/queue.o
                0x000093cc                xQueueGenericSendFromISR
 .text.xQueueGiveFromISR
                0x000094e4      0x100 ./freertos/queue.o
                0x000094e4                xQueueGiveFromISR
 .text.xQueueGenericReceive
                0x000095e4      0x20c ./freertos/queue.o
                0x000095e4                xQueueGenericReceive
 .text.prvCopyDataToQueue
                0x000097f0       0xdc ./freertos/queue.o
 .text.prvCopyDataFromQueue
                0x000098cc       0x4c ./freertos/queue.o
 .text.prvUnlockQueue
                0x00009918       0x98 ./freertos/queue.o
 .text.prvIsQueueEmpty
                0x000099b0       0x2c ./freertos/queue.o
 .text.prvIsQueueFull
                0x000099dc       0x30 ./freertos/queue.o
 .text.vQueueAddToRegistry
                0x00009a0c       0x50 ./freertos/queue.o
                0x00009a0c                vQueueAddToRegistry
 .text.vQueueWaitForMessageRestricted
                0x00009a5c       0x5c ./freertos/queue.o
                0x00009a5c                vQueueWaitForMessageRestricted
 .text.xTaskGenericCreate
                0x00009ab8      0x198 ./freertos/tasks.o
                0x00009ab8                xTaskGenericCreate
 .text.vTaskStartScheduler
                0x00009c50       0x98 ./freertos/tasks.o
                0x00009c50                vTaskStartScheduler
 .text.vTaskSuspendAll
                0x00009ce8       0x1c ./freertos/tasks.o
                0x00009ce8                vTaskSuspendAll
 .text.xTaskResumeAll
                0x00009d04      0x128 ./freertos/tasks.o
                0x00009d04                xTaskResumeAll
 .text.xTaskGetTickCount
                0x00009e2c       0x20 ./freertos/tasks.o
                0x00009e2c                xTaskGetTickCount
 .text.xTaskIncrementTick
                0x00009e4c      0x15c ./freertos/tasks.o
                0x00009e4c                xTaskIncrementTick
 .text.vTaskSwitchContext
                0x00009fa8       0xb4 ./freertos/tasks.o
                0x00009fa8                vTaskSwitchContext
 .text.vTaskPlaceOnEventList
                0x0000a05c       0x9c ./freertos/tasks.o
                0x0000a05c                vTaskPlaceOnEventList
 .text.vTaskPlaceOnUnorderedEventList
                0x0000a0f8       0xc8 ./freertos/tasks.o
                0x0000a0f8                vTaskPlaceOnUnorderedEventList
 .text.vTaskPlaceOnEventListRestricted
                0x0000a1c0       0x9c ./freertos/tasks.o
                0x0000a1c0                vTaskPlaceOnEventListRestricted
 .text.xTaskRemoveFromEventList
                0x0000a25c       0xc4 ./freertos/tasks.o
                0x0000a25c                xTaskRemoveFromEventList
 .text.xTaskRemoveFromUnorderedEventList
                0x0000a320       0xcc ./freertos/tasks.o
                0x0000a320                xTaskRemoveFromUnorderedEventList
 .text.vTaskSetTimeOutState
                0x0000a3ec       0x44 ./freertos/tasks.o
                0x0000a3ec                vTaskSetTimeOutState
 .text.xTaskCheckForTimeOut
                0x0000a430       0xbc ./freertos/tasks.o
                0x0000a430                xTaskCheckForTimeOut
 .text.vTaskMissedYield
                0x0000a4ec       0x18 ./freertos/tasks.o
                0x0000a4ec                vTaskMissedYield
 .text.prvIdleTask
                0x0000a504       0x30 ./freertos/tasks.o
 .text.prvInitialiseTCBVariables
                0x0000a534       0xa4 ./freertos/tasks.o
 .text.prvInitialiseTaskLists
                0x0000a5d8       0x7c ./freertos/tasks.o
 .text.prvCheckTasksWaitingTermination
                0x0000a654       0x74 ./freertos/tasks.o
 .text.prvAddCurrentTaskToDelayedList
                0x0000a6c8       0x6c ./freertos/tasks.o
 .text.prvAllocateTCBAndStack
                0x0000a734       0x70 ./freertos/tasks.o
 .text.prvDeleteTCB
                0x0000a7a4       0x20 ./freertos/tasks.o
 .text.prvResetNextTaskUnblockTime
                0x0000a7c4       0x48 ./freertos/tasks.o
 .text.xTaskGetCurrentTaskHandle
                0x0000a80c       0x20 ./freertos/tasks.o
                0x0000a80c                xTaskGetCurrentTaskHandle
 .text.xTaskGetSchedulerState
                0x0000a82c       0x3c ./freertos/tasks.o
                0x0000a82c                xTaskGetSchedulerState
 .text.vTaskPriorityInherit
                0x0000a868       0xec ./freertos/tasks.o
                0x0000a868                vTaskPriorityInherit
 .text.xTaskPriorityDisinherit
                0x0000a954      0x108 ./freertos/tasks.o
                0x0000a954                xTaskPriorityDisinherit
 .text.uxTaskResetEventItemValue
                0x0000aa5c       0x30 ./freertos/tasks.o
                0x0000aa5c                uxTaskResetEventItemValue
 .text.pvTaskIncrementMutexHeldCount
                0x0000aa8c       0x28 ./freertos/tasks.o
                0x0000aa8c                pvTaskIncrementMutexHeldCount
 .text.xTimerCreateTimerTask
                0x0000aab4       0x64 ./freertos/timers.o
                0x0000aab4                xTimerCreateTimerTask
 .text.xTimerGenericCommand
                0x0000ab18       0xa4 ./freertos/timers.o
                0x0000ab18                xTimerGenericCommand
 .text.prvProcessExpiredTimer
                0x0000abbc       0x80 ./freertos/timers.o
 .text.prvTimerTask
                0x0000ac3c       0x24 ./freertos/timers.o
 .text.prvProcessTimerOrBlockTask
                0x0000ac60       0x9c ./freertos/timers.o
 .text.prvGetNextExpireTime
                0x0000acfc       0x48 ./freertos/timers.o
 .text.prvSampleTimeNow
                0x0000ad44       0x40 ./freertos/timers.o
 .text.prvInsertTimerInActiveList
                0x0000ad84       0x84 ./freertos/timers.o
 .text.prvProcessReceivedCommands
                0x0000ae08      0x164 ./freertos/timers.o
 .text.prvSwitchTimerLists
                0x0000af6c       0xc0 ./freertos/timers.o
 .text.prvCheckForValidListAndQueue
                0x0000b02c       0x8c ./freertos/timers.o
 .text.xTimerPendFunctionCallFromISR
                0x0000b0b8       0x44 ./freertos/timers.o
                0x0000b0b8                xTimerPendFunctionCallFromISR
 .text.NVIC_EnableIRQ
                0x0000b0fc       0x30 ./framework/TimersManager/Source/TMR_Adapter.o
 .text.NVIC_ClearPendingIRQ
                0x0000b12c       0x34 ./framework/TimersManager/Source/TMR_Adapter.o
 .text.NVIC_SetPriority
                0x0000b160       0x54 ./framework/TimersManager/Source/TMR_Adapter.o
 .text.FTM_StartTimer
                0x0000b1b4       0x38 ./framework/TimersManager/Source/TMR_Adapter.o
 .text.FTM_StopTimer
                0x0000b1ec       0x20 ./framework/TimersManager/Source/TMR_Adapter.o
 .text.StackTimer_Init
                0x0000b20c       0x78 ./framework/TimersManager/Source/TMR_Adapter.o
                0x0000b20c                StackTimer_Init
 .text.StackTimer_Enable
                0x0000b284       0x18 ./framework/TimersManager/Source/TMR_Adapter.o
                0x0000b284                StackTimer_Enable
 .text.StackTimer_Disable
                0x0000b29c       0x14 ./framework/TimersManager/Source/TMR_Adapter.o
                0x0000b29c                StackTimer_Disable
 .text.StackTimer_GetInputFrequency
                0x0000b2b0       0x24 ./framework/TimersManager/Source/TMR_Adapter.o
                0x0000b2b0                StackTimer_GetInputFrequency
 .text.StackTimer_GetCounterValue
                0x0000b2d4       0x18 ./framework/TimersManager/Source/TMR_Adapter.o
                0x0000b2d4                StackTimer_GetCounterValue
 .text.StackTimer_SetOffsetTicks
                0x0000b2ec       0x24 ./framework/TimersManager/Source/TMR_Adapter.o
                0x0000b2ec                StackTimer_SetOffsetTicks
 .text.StackTimer_ClearIntFlag
                0x0000b310       0x28 ./framework/TimersManager/Source/TMR_Adapter.o
                0x0000b310                StackTimer_ClearIntFlag
 .text.TMR_GetTimerStatus
                0x0000b338       0x28 ./framework/TimersManager/Source/TimersManager.o
 .text.TMR_SetTimerStatus
                0x0000b360       0x38 ./framework/TimersManager/Source/TimersManager.o
 .text.TMR_GetTimerType
                0x0000b398       0x28 ./framework/TimersManager/Source/TimersManager.o
 .text.TMR_SetTimerType
                0x0000b3c0       0x38 ./framework/TimersManager/Source/TimersManager.o
 .text.TmrTicksFromMilliseconds
                0x0000b3f8       0x50 ./framework/TimersManager/Source/TimersManager.o
                0x0000b3f8                TmrTicksFromMilliseconds
 .text.TMR_Init
                0x0000b448       0x7c ./framework/TimersManager/Source/TimersManager.o
                0x0000b448                TMR_Init
 .text.TMR_NotifyClkChanged
                0x0000b4c4       0x40 ./framework/TimersManager/Source/TimersManager.o
                0x0000b4c4                TMR_NotifyClkChanged
 .text.TMR_AllocateTimer
                0x0000b504       0x48 ./framework/TimersManager/Source/TimersManager.o
                0x0000b504                TMR_AllocateTimer
 .text.StackTimer_ISR
                0x0000b54c       0x1c ./framework/TimersManager/Source/TimersManager.o
 .text.TMR_IsTimerActive
                0x0000b568       0x28 ./framework/TimersManager/Source/TimersManager.o
                0x0000b568                TMR_IsTimerActive
 .text.TMR_StartTimer
                0x0000b590       0xbc ./framework/TimersManager/Source/TimersManager.o
                0x0000b590                TMR_StartTimer
 .text.TMR_StartIntervalTimer
                0x0000b64c       0x2c ./framework/TimersManager/Source/TimersManager.o
                0x0000b64c                TMR_StartIntervalTimer
 .text.TMR_StopTimer
                0x0000b678       0xc4 ./framework/TimersManager/Source/TimersManager.o
                0x0000b678                TMR_StopTimer
 .text.TMR_Task
                0x0000b73c      0x2ec ./framework/TimersManager/Source/TimersManager.o
                0x0000b73c                TMR_Task
 .text.TMR_EnableTimer
                0x0000ba28       0x78 ./framework/TimersManager/Source/TimersManager.o
                0x0000ba28                TMR_EnableTimer
 .text.SerialManager_Init
                0x0000baa0       0x78 ./framework/SerialManager/Source/SerialManager.o
                0x0000baa0                SerialManager_Init
 .text.SerialManagerTask
                0x0000bb18      0x134 ./framework/SerialManager/Source/SerialManager.o
                0x0000bb18                SerialManagerTask
 .text.Serial_InitInterface
                0x0000bc4c      0x16c ./framework/SerialManager/Source/SerialManager.o
                0x0000bc4c                Serial_InitInterface
 .text.Serial_AsyncWrite
                0x0000bdb8      0x15c ./framework/SerialManager/Source/SerialManager.o
                0x0000bdb8                Serial_AsyncWrite
 .text.Serial_SyncWrite
                0x0000bf14       0xb4 ./framework/SerialManager/Source/SerialManager.o
                0x0000bf14                Serial_SyncWrite
 .text.Serial_Read
                0x0000bfc8       0xcc ./framework/SerialManager/Source/SerialManager.o
                0x0000bfc8                Serial_Read
 .text.Serial_RxBufferByteCount
                0x0000c094       0xc4 ./framework/SerialManager/Source/SerialManager.o
                0x0000c094                Serial_RxBufferByteCount
 .text.Serial_SetRxCallBack
                0x0000c158       0x58 ./framework/SerialManager/Source/SerialManager.o
                0x0000c158                Serial_SetRxCallBack
 .text.Serial_SetBaudRate
                0x0000c1b0       0x6c ./framework/SerialManager/Source/SerialManager.o
                0x0000c1b0                Serial_SetBaudRate
 .text.Serial_Print
                0x0000c21c       0x60 ./framework/SerialManager/Source/SerialManager.o
                0x0000c21c                Serial_Print
 .text.Serial_PrintHex
                0x0000c27c      0x158 ./framework/SerialManager/Source/SerialManager.o
                0x0000c27c                Serial_PrintHex
 .text.Serial_WriteInternal
                0x0000c3d4       0xe8 ./framework/SerialManager/Source/SerialManager.o
 .text.SerialManager_RxNotify
                0x0000c4bc       0xb0 ./framework/SerialManager/Source/SerialManager.o
                0x0000c4bc                SerialManager_RxNotify
 .text.SerialManager_TxNotify
                0x0000c56c       0xd0 ./framework/SerialManager/Source/SerialManager.o
                0x0000c56c                SerialManager_TxNotify
 .text.Serial_TxQueueMaintenance
                0x0000c63c      0x124 ./framework/SerialManager/Source/SerialManager.o
 .text.Serial_SyncTxCallback
                0x0000c760       0x1c ./framework/SerialManager/Source/SerialManager.o
 .text.Serial_UartRxCb
                0x0000c77c       0x4c ./framework/SerialManager/Source/SerialManager.o
 .text.Serial_UartTxCb
                0x0000c7c8       0x18 ./framework/SerialManager/Source/SerialManager.o
 .text.NVIC_EnableIRQ
                0x0000c7e0       0x30 ./framework/SerialManager/Source/UART_Adapter.o
 .text.NVIC_SetPriority
                0x0000c810       0x54 ./framework/SerialManager/Source/UART_Adapter.o
 .text.UART_WriteByte
                0x0000c864       0x1c ./framework/SerialManager/Source/UART_Adapter.o
 .text.UART_ReadByte
                0x0000c880       0x1c ./framework/SerialManager/Source/UART_Adapter.o
 .text.UART_Initialize
                0x0000c89c       0xdc ./framework/SerialManager/Source/UART_Adapter.o
                0x0000c89c                UART_Initialize
 .text.UART_SetBaudrate
                0x0000c978       0x44 ./framework/SerialManager/Source/UART_Adapter.o
                0x0000c978                UART_SetBaudrate
 .text.UART_SendData
                0x0000c9bc       0xb0 ./framework/SerialManager/Source/UART_Adapter.o
                0x0000c9bc                UART_SendData
 .text.UART_InstallRxCalback
                0x0000ca6c       0x48 ./framework/SerialManager/Source/UART_Adapter.o
                0x0000ca6c                UART_InstallRxCalback
 .text.UART_InstallTxCalback
                0x0000cab4       0x48 ./framework/SerialManager/Source/UART_Adapter.o
                0x0000cab4                UART_InstallTxCalback
 .text.UART_IsTxActive
                0x0000cafc       0x58 ./framework/SerialManager/Source/UART_Adapter.o
                0x0000cafc                UART_IsTxActive
 .text.UART_ISR
                0x0000cb54      0x148 ./framework/SerialManager/Source/UART_Adapter.o
 .text.SecLib_Init
                0x0000cc9c       0x30 ./framework/SecLib/SecLib.o
                0x0000cc9c                SecLib_Init
 .text.AES_128_Encrypt
                0x0000cccc       0xc8 ./framework/SecLib/SecLib.o
                0x0000cccc                AES_128_Encrypt
 .text.AES_128_CCM
                0x0000cd94       0x68 ./framework/SecLib/SecLib.o
                0x0000cd94                AES_128_CCM
 .text.SecLib_XorN
                0x0000cdfc       0x44 ./framework/SecLib/SecLib.o
                0x0000cdfc                SecLib_XorN
 .text.RNG_Init
                0x0000ce40       0x44 ./framework/RNG/Source/RNG.o
                0x0000ce40                RNG_Init
 .text.RNG_GetRandomNo
                0x0000ce84       0x2c ./framework/RNG/Source/RNG.o
                0x0000ce84                RNG_GetRandomNo
 .text.panic    0x0000ceb0       0x18 ./framework/Panic/Source/Panic.o
                0x0000ceb0                panic
 .text.startup_task
                0x0000cec8       0x10 ./framework/OSAbstraction/Interface/fsl_os_abstraction_free_rtos.o
                0x0000cec8                startup_task
 .text.OSA_TaskGetId
                0x0000ced8       0x10 ./framework/OSAbstraction/Interface/fsl_os_abstraction_free_rtos.o
                0x0000ced8                OSA_TaskGetId
 .text.OSA_TaskCreate
                0x0000cee8       0x58 ./framework/OSAbstraction/Interface/fsl_os_abstraction_free_rtos.o
                0x0000cee8                OSA_TaskCreate
 .text.OSA_SemaphoreCreate
                0x0000cf40       0x1c ./framework/OSAbstraction/Interface/fsl_os_abstraction_free_rtos.o
                0x0000cf40                OSA_SemaphoreCreate
 .text.OSA_SemaphoreWait
                0x0000cf5c       0x60 ./framework/OSAbstraction/Interface/fsl_os_abstraction_free_rtos.o
                0x0000cf5c                OSA_SemaphoreWait
 .text.OSA_SemaphorePost
                0x0000cfbc       0x84 ./framework/OSAbstraction/Interface/fsl_os_abstraction_free_rtos.o
                0x0000cfbc                OSA_SemaphorePost
 .text.OSA_MutexCreate
                0x0000d040       0x18 ./framework/OSAbstraction/Interface/fsl_os_abstraction_free_rtos.o
                0x0000d040                OSA_MutexCreate
 .text.OSA_MutexLock
                0x0000d058       0x78 ./framework/OSAbstraction/Interface/fsl_os_abstraction_free_rtos.o
                0x0000d058                OSA_MutexLock
 .text.OSA_MutexUnlock
                0x0000d0d0       0x4c ./framework/OSAbstraction/Interface/fsl_os_abstraction_free_rtos.o
                0x0000d0d0                OSA_MutexUnlock
 .text.OSA_EventCreate
                0x0000d11c       0x64 ./framework/OSAbstraction/Interface/fsl_os_abstraction_free_rtos.o
                0x0000d11c                OSA_EventCreate
 .text.OSA_EventSet
                0x0000d180       0xa4 ./framework/OSAbstraction/Interface/fsl_os_abstraction_free_rtos.o
                0x0000d180                OSA_EventSet
 .text.OSA_EventWait
                0x0000d224       0xa0 ./framework/OSAbstraction/Interface/fsl_os_abstraction_free_rtos.o
                0x0000d224                OSA_EventWait
 .text.OSA_InterruptEnable
                0x0000d2c4       0x4c ./framework/OSAbstraction/Interface/fsl_os_abstraction_free_rtos.o
                0x0000d2c4                OSA_InterruptEnable
 .text.OSA_InterruptDisable
                0x0000d310       0x60 ./framework/OSAbstraction/Interface/fsl_os_abstraction_free_rtos.o
                0x0000d310                OSA_InterruptDisable
 .text.OSA_InstallIntHandler
                0x0000d370       0x20 ./framework/OSAbstraction/Interface/fsl_os_abstraction_free_rtos.o
                0x0000d370                OSA_InstallIntHandler
 .text.main     0x0000d390       0x20 ./framework/OSAbstraction/Interface/fsl_os_abstraction_free_rtos.o
                0x0000d390                main
 .text.osObjectAlloc
                0x0000d3b0       0x50 ./framework/OSAbstraction/Interface/fsl_os_abstraction_free_rtos.o
 .text.osObjectIsAllocated
                0x0000d400       0x54 ./framework/OSAbstraction/Interface/fsl_os_abstraction_free_rtos.o
 .text.osObjectFree
                0x0000d454       0x4c ./framework/OSAbstraction/Interface/fsl_os_abstraction_free_rtos.o
 .text.ListAddTailMsg
                0x0000d4a0       0x24 ./framework/Messaging/Source/Messaging.o
                0x0000d4a0                ListAddTailMsg
 .text.ListAddHeadMsg
                0x0000d4c4       0x24 ./framework/Messaging/Source/Messaging.o
                0x0000d4c4                ListAddHeadMsg
 .text.ListRemoveHeadMsg
                0x0000d4e8       0x28 ./framework/Messaging/Source/Messaging.o
                0x0000d4e8                ListRemoveHeadMsg
 .text.ListGetHeadMsg
                0x0000d510       0x30 ./framework/Messaging/Source/Messaging.o
                0x0000d510                ListGetHeadMsg
 .text.ListGetNextMsg
                0x0000d540       0x38 ./framework/Messaging/Source/Messaging.o
                0x0000d540                ListGetNextMsg
 .text.ListRemoveMsg
                0x0000d578       0x20 ./framework/Messaging/Source/Messaging.o
                0x0000d578                ListRemoveMsg
 .text.MEM_Init
                0x0000d598       0xbc ./framework/MemManager/Source/MemManager.o
                0x0000d598                MEM_Init
 .text.MEM_BufferAllocWithId
                0x0000d654       0xac ./framework/MemManager/Source/MemManager.o
                0x0000d654                MEM_BufferAllocWithId
 .text.MEM_BufferFree
                0x0000d700       0xb0 ./framework/MemManager/Source/MemManager.o
                0x0000d700                MEM_BufferFree
 .text.ListInit
                0x0000d7b0       0x30 ./framework/Lists/GenericList.o
                0x0000d7b0                ListInit
 .text.ListAddTail
                0x0000d7e0       0x78 ./framework/Lists/GenericList.o
                0x0000d7e0                ListAddTail
 .text.ListAddHead
                0x0000d858       0x78 ./framework/Lists/GenericList.o
                0x0000d858                ListAddHead
 .text.ListRemoveHead
                0x0000d8d0       0x68 ./framework/Lists/GenericList.o
                0x0000d8d0                ListRemoveHead
 .text.ListRemoveElement
                0x0000d938       0x80 ./framework/Lists/GenericList.o
                0x0000d938                ListRemoveElement
 .text.ListGetSize
                0x0000d9b8       0x18 ./framework/Lists/GenericList.o
                0x0000d9b8                ListGetSize
 .text.LED_Init
                0x0000d9d0       0x28 ./framework/LED/Source/LED.o
                0x0000d9d0                LED_Init
 .text.LED_Operate
                0x0000d9f8       0x5c ./framework/LED/Source/LED.o
                0x0000d9f8                LED_Operate
 .text.LED_TurnOnLed
                0x0000da54       0x1c ./framework/LED/Source/LED.o
                0x0000da54                LED_TurnOnLed
 .text.LED_TurnOffLed
                0x0000da70       0x1c ./framework/LED/Source/LED.o
                0x0000da70                LED_TurnOffLed
 .text.LED_ToggleLed
                0x0000da8c       0x1c ./framework/LED/Source/LED.o
                0x0000da8c                LED_ToggleLed
 .text.LED_StopFlashingAllLeds
                0x0000daa8       0x10 ./framework/LED/Source/LED.o
                0x0000daa8                LED_StopFlashingAllLeds
 .text.LED_StartBlip
                0x0000dab8       0x48 ./framework/LED/Source/LED.o
                0x0000dab8                LED_StartBlip
 .text.LED_StopFlash
                0x0000db00       0x44 ./framework/LED/Source/LED.o
                0x0000db00                LED_StopFlash
 .text.LED_SetLed
                0x0000db44       0x94 ./framework/LED/Source/LED.o
                0x0000db44                LED_SetLed
 .text.LED_StartFlashWithPeriod
                0x0000dbd8       0x54 ./framework/LED/Source/LED.o
                0x0000dbd8                LED_StartFlashWithPeriod
 .text.LED_StartSerialFlashWithPeriod
                0x0000dc2c       0x74 ./framework/LED/Source/LED.o
                0x0000dc2c                LED_StartSerialFlashWithPeriod
 .text.LED_StopSerialFlash
                0x0000dca0       0x58 ./framework/LED/Source/LED.o
                0x0000dca0                LED_StopSerialFlash
 .text.LED_GpioSet
                0x0000dcf8       0x3c ./framework/LED/Source/LED.o
 .text.LED_DecrementBlip
                0x0000dd34       0x78 ./framework/LED/Source/LED.o
 .text.LED_FlashTimeout
                0x0000ddac       0x68 ./framework/LED/Source/LED.o
 .text.KbGpioInit
                0x0000de14       0x44 ./framework/Keyboard/Source/Keyboard.o
 .text.KBD_KeySwitchPortGet
                0x0000de58       0x7c ./framework/Keyboard/Source/Keyboard.o
 .text.KBD_KeyCheck
                0x0000ded4       0x88 ./framework/Keyboard/Source/Keyboard.o
 .text.KeyScan  0x0000df5c      0x130 ./framework/Keyboard/Source/Keyboard.o
 .text.Switch_CheckIRQ
                0x0000e08c       0x44 ./framework/Keyboard/Source/Keyboard.o
 .text.KBD_Init
                0x0000e0d0       0xc0 ./framework/Keyboard/Source/Keyboard.o
                0x0000e0d0                KBD_Init
 .text.Switch_Press_ISR
                0x0000e190       0x68 ./framework/Keyboard/Source/Keyboard.o
                0x0000e190                Switch_Press_ISR
 .text.NVIC_EnableIRQ
                0x0000e1f8       0x30 ./framework/GPIO/Source/GPIO_Adapter.o
 .text.NVIC_ClearPendingIRQ
                0x0000e228       0x34 ./framework/GPIO/Source/GPIO_Adapter.o
 .text.NVIC_SetPriority
                0x0000e25c       0x54 ./framework/GPIO/Source/GPIO_Adapter.o
 .text.NVIC_GetPriority
                0x0000e2b0       0x50 ./framework/GPIO/Source/GPIO_Adapter.o
 .text.GPIO_SetPinsOutput
                0x0000e300       0x1c ./framework/GPIO/Source/GPIO_Adapter.o
 .text.GPIO_ClearPinsOutput
                0x0000e31c       0x1c ./framework/GPIO/Source/GPIO_Adapter.o
 .text.GPIO_TogglePinsOutput
                0x0000e338       0x1c ./framework/GPIO/Source/GPIO_Adapter.o
 .text.GPIO_ReadPinInput
                0x0000e354       0x24 ./framework/GPIO/Source/GPIO_Adapter.o
 .text.PORT_SetPinConfig
                0x0000e378       0x44 ./framework/GPIO/Source/GPIO_Adapter.o
 .text.PORT_SetPinMux
                0x0000e3bc       0x38 ./framework/GPIO/Source/GPIO_Adapter.o
 .text.PORT_SetPinInterruptConfig
                0x0000e3f4       0x38 ./framework/GPIO/Source/GPIO_Adapter.o
 .text.PORT_GetPinsInterruptFlags
                0x0000e42c       0x1c ./framework/GPIO/Source/GPIO_Adapter.o
 .text.PORT_ClearPinsInterruptFlags
                0x0000e448       0x1c ./framework/GPIO/Source/GPIO_Adapter.o
 .text.GpioSetPinInterrupt
                0x0000e464       0x34 ./framework/GPIO/Source/GPIO_Adapter.o
                0x0000e464                GpioSetPinInterrupt
 .text.GpioSetPassiveFilter
                0x0000e498       0x5c ./framework/GPIO/Source/GPIO_Adapter.o
                0x0000e498                GpioSetPassiveFilter
 .text.GpioSetPinMux
                0x0000e4f4       0x34 ./framework/GPIO/Source/GPIO_Adapter.o
                0x0000e4f4                GpioSetPinMux
 .text.GpioClearPinIntFlag
                0x0000e528       0x30 ./framework/GPIO/Source/GPIO_Adapter.o
                0x0000e528                GpioClearPinIntFlag
 .text.GpioIsPinIntPending
                0x0000e558       0x38 ./framework/GPIO/Source/GPIO_Adapter.o
                0x0000e558                GpioIsPinIntPending
 .text.GpioSetPinOutput
                0x0000e590       0x30 ./framework/GPIO/Source/GPIO_Adapter.o
                0x0000e590                GpioSetPinOutput
 .text.GpioClearPinOutput
                0x0000e5c0       0x30 ./framework/GPIO/Source/GPIO_Adapter.o
                0x0000e5c0                GpioClearPinOutput
 .text.GpioTogglePinOutput
                0x0000e5f0       0x30 ./framework/GPIO/Source/GPIO_Adapter.o
                0x0000e5f0                GpioTogglePinOutput
 .text.GpioReadPinInput
                0x0000e620       0x30 ./framework/GPIO/Source/GPIO_Adapter.o
                0x0000e620                GpioReadPinInput
 .text.GpioInputPinInit
                0x0000e650       0xfc ./framework/GPIO/Source/GPIO_Adapter.o
                0x0000e650                GpioInputPinInit
 .text.GpioOutputPinInit
                0x0000e74c       0xe4 ./framework/GPIO/Source/GPIO_Adapter.o
                0x0000e74c                GpioOutputPinInit
 .text.GpioInstallIsr
                0x0000e830      0x238 ./framework/GPIO/Source/GPIO_Adapter.o
                0x0000e830                GpioInstallIsr
 .text.Gpio_CommonIsr
                0x0000ea68       0xa8 ./framework/GPIO/Source/GPIO_Adapter.o
 .text.Gpio_InstallPortISR
                0x0000eb10       0x54 ./framework/GPIO/Source/GPIO_Adapter.o
 .text.FLib_MemCpy
                0x0000eb64       0x38 ./framework/FunctionLib/FunctionLib.o
                0x0000eb64                FLib_MemCpy
 .text.FLib_MemCpyReverseOrder
                0x0000eb9c       0x48 ./framework/FunctionLib/FunctionLib.o
                0x0000eb9c                FLib_MemCpyReverseOrder
 .text.FLib_MemCmp
                0x0000ebe4       0x4c ./framework/FunctionLib/FunctionLib.o
                0x0000ebe4                FLib_MemCmp
 .text.FLib_MemSet
                0x0000ec30       0x30 ./framework/FunctionLib/FunctionLib.o
                0x0000ec30                FLib_MemSet
 .text.CLOCK_EnableClock
                0x0000ec60       0x34 ./drivers/fsl_clock.o
 .text.CLOCK_DisableClock
                0x0000ec94       0x38 ./drivers/fsl_clock.o
 .text.CLOCK_SetEr32kClock
                0x0000eccc       0x2c ./drivers/fsl_clock.o
 .text.CLOCK_SetPllFllSelClock
                0x0000ecf8       0x38 ./drivers/fsl_clock.o
 .text.OSC_SetExtRefClkConfig
                0x0000ed30       0x34 ./drivers/fsl_clock.o
 .text.OSC_SetCapLoad
                0x0000ed64       0x34 ./drivers/fsl_clock.o
 .text.CLOCK_GetMcgExtClkFreq
                0x0000ed98       0x8c ./drivers/fsl_clock.o
 .text.CLOCK_GetFllExtRefClkFreq
                0x0000ee24       0xc8 ./drivers/fsl_clock.o
 .text.CLOCK_GetInternalRefClkSelectFreq
                0x0000eeec       0x44 ./drivers/fsl_clock.o
 .text.CLOCK_GetFllRefClkFreq
                0x0000ef30       0x2c ./drivers/fsl_clock.o
 .text.CLOCK_GetPll0RefFreq
                0x0000ef5c       0x10 ./drivers/fsl_clock.o
 .text.CLOCK_GetOscRangeFromFreq
                0x0000ef6c       0x3c ./drivers/fsl_clock.o
 .text.CLOCK_GetOsc0ErClkFreq
                0x0000efa8       0x48 ./drivers/fsl_clock.o
                0x0000efa8                CLOCK_GetOsc0ErClkFreq
 .text.CLOCK_GetEr32kClkFreq
                0x0000eff0       0x80 ./drivers/fsl_clock.o
                0x0000eff0                CLOCK_GetEr32kClkFreq
 .text.CLOCK_GetPllFllSelClkFreq
                0x0000f070       0x54 ./drivers/fsl_clock.o
                0x0000f070                CLOCK_GetPllFllSelClkFreq
 .text.CLOCK_GetFreq
                0x0000f0c4      0x144 ./drivers/fsl_clock.o
                0x0000f0c4                CLOCK_GetFreq
 .text.CLOCK_SetSimConfig
                0x0000f208       0x34 ./drivers/fsl_clock.o
                0x0000f208                CLOCK_SetSimConfig
 .text.CLOCK_EnableUsbfs0Clock
                0x0000f23c      0x100 ./drivers/fsl_clock.o
                0x0000f23c                CLOCK_EnableUsbfs0Clock
 .text.CLOCK_GetOutClkFreq
                0x0000f33c       0x64 ./drivers/fsl_clock.o
                0x0000f33c                CLOCK_GetOutClkFreq
 .text.CLOCK_GetFllFreq
                0x0000f3a0       0x74 ./drivers/fsl_clock.o
                0x0000f3a0                CLOCK_GetFllFreq
 .text.CLOCK_GetInternalRefClkFreq
                0x0000f414       0x24 ./drivers/fsl_clock.o
                0x0000f414                CLOCK_GetInternalRefClkFreq
 .text.CLOCK_GetFixedFreqClkFreq
                0x0000f438       0x30 ./drivers/fsl_clock.o
                0x0000f438                CLOCK_GetFixedFreqClkFreq
 .text.CLOCK_GetPll0Freq
                0x0000f468       0x78 ./drivers/fsl_clock.o
                0x0000f468                CLOCK_GetPll0Freq
 .text.CLOCK_SetExternalRefClkConfig
                0x0000f4e0       0x90 ./drivers/fsl_clock.o
                0x0000f4e0                CLOCK_SetExternalRefClkConfig
 .text.CLOCK_SetInternalRefClkConfig
                0x0000f570      0x104 ./drivers/fsl_clock.o
                0x0000f570                CLOCK_SetInternalRefClkConfig
 .text.CLOCK_EnablePll0
                0x0000f674       0x94 ./drivers/fsl_clock.o
                0x0000f674                CLOCK_EnablePll0
 .text.CLOCK_InitOsc0
                0x0000f708       0x8c ./drivers/fsl_clock.o
                0x0000f708                CLOCK_InitOsc0
 .text.CLOCK_SetPbeMode
                0x0000f794       0x98 ./drivers/fsl_clock.o
                0x0000f794                CLOCK_SetPbeMode
 .text.CLOCK_BootToPeeMode
                0x0000f82c       0x74 ./drivers/fsl_clock.o
                0x0000f82c                CLOCK_BootToPeeMode
 .text.__assert_func
                0x0000f8a0       0x28 ./drivers/fsl_common.o
                0x0000f8a0                __assert_func
 .text.InstallIRQHandler
                0x0000f8c8       0x74 ./drivers/fsl_common.o
                0x0000f8c8                InstallIRQHandler
 .text.CLOCK_EnableClock
                0x0000f93c       0x34 ./drivers/fsl_dspi.o
 .text.DSPI_Enable
                0x0000f970       0x38 ./drivers/fsl_dspi.o
 .text.DSPI_GetStatusFlags
                0x0000f9a8       0x18 ./drivers/fsl_dspi.o
 .text.DSPI_ClearStatusFlags
                0x0000f9c0       0x1c ./drivers/fsl_dspi.o
 .text.DSPI_SetMasterSlaveMode
                0x0000f9dc       0x28 ./drivers/fsl_dspi.o
 .text.DSPI_IsMaster
                0x0000fa04       0x1c ./drivers/fsl_dspi.o
 .text.DSPI_StartTransfer
                0x0000fa20       0x20 ./drivers/fsl_dspi.o
 .text.DSPI_StopTransfer
                0x0000fa40       0x20 ./drivers/fsl_dspi.o
 .text.DSPI_GetInstance
                0x0000fa60       0x58 ./drivers/fsl_dspi.o
                0x0000fa60                DSPI_GetInstance
 .text.DSPI_MasterInit
                0x0000fab8      0x16c ./drivers/fsl_dspi.o
                0x0000fab8                DSPI_MasterInit
 .text.DSPI_MasterGetDefaultConfig
                0x0000fc24       0x7c ./drivers/fsl_dspi.o
                0x0000fc24                DSPI_MasterGetDefaultConfig
 .text.DSPI_SetOnePcsPolarity
                0x0000fca0       0x4c ./drivers/fsl_dspi.o
 .text.DSPI_MasterSetBaudRate
                0x0000fcec      0x120 ./drivers/fsl_dspi.o
                0x0000fcec                DSPI_MasterSetBaudRate
 .text.DSPI_MasterSetDelayScaler
                0x0000fe0c       0xd0 ./drivers/fsl_dspi.o
                0x0000fe0c                DSPI_MasterSetDelayScaler
 .text.DSPI_MasterSetDelayTimes
                0x0000fedc      0x12c ./drivers/fsl_dspi.o
                0x0000fedc                DSPI_MasterSetDelayTimes
 .text.DSPI_GetDefaultDataCommandConfig
                0x00010008       0x30 ./drivers/fsl_dspi.o
                0x00010008                DSPI_GetDefaultDataCommandConfig
 .text.DSPI_MasterWriteCommandDataBlocking
                0x00010038       0x54 ./drivers/fsl_dspi.o
                0x00010038                DSPI_MasterWriteCommandDataBlocking
 .text.DSPI_CommonIRQHandler
                0x0001008c       0x3c ./drivers/fsl_dspi.o
 .text.SPI0_DriverIRQHandler
                0x000100c8       0x3c ./drivers/fsl_dspi.o
                0x000100c8                SPI0_DriverIRQHandler
 .text.SPI1_DriverIRQHandler
                0x00010104       0x3c ./drivers/fsl_dspi.o
                0x00010104                SPI1_DriverIRQHandler
 .text.SPI2_DriverIRQHandler
                0x00010140       0x3c ./drivers/fsl_dspi.o
                0x00010140                SPI2_DriverIRQHandler
 .text.CLOCK_EnableClock
                0x0001017c       0x34 ./drivers/fsl_ftm.o
 .text.FTM_GetInstance
                0x000101b0       0x60 ./drivers/fsl_ftm.o
 .text.FTM_SetPwmSync
                0x00010210      0x118 ./drivers/fsl_ftm.o
 .text.FTM_SetReloadPoints
                0x00010328      0x170 ./drivers/fsl_ftm.o
 .text.FTM_Init
                0x00010498      0x100 ./drivers/fsl_ftm.o
                0x00010498                FTM_Init
 .text.FTM_SetupOutputCompare
                0x00010598       0x9c ./drivers/fsl_ftm.o
                0x00010598                FTM_SetupOutputCompare
 .text.FTM_EnableInterrupts
                0x00010634       0x88 ./drivers/fsl_ftm.o
                0x00010634                FTM_EnableInterrupts
 .text.FTM_GetStatusFlags
                0x000106bc       0x64 ./drivers/fsl_ftm.o
                0x000106bc                FTM_GetStatusFlags
 .text.FTM_ClearStatusFlags
                0x00010720       0x68 ./drivers/fsl_ftm.o
                0x00010720                FTM_ClearStatusFlags
 .text.GPIO_WritePinOutput
                0x00010788       0x3c ./drivers/fsl_gpio.o
 .text.GPIO_PinInit
                0x000107c4       0x70 ./drivers/fsl_gpio.o
                0x000107c4                GPIO_PinInit
 .text.I2C_TransferCommonIRQHandler
                0x00010834       0x4c ./drivers/fsl_i2c.o
 .text.I2C0_DriverIRQHandler
                0x00010880       0x1c ./drivers/fsl_i2c.o
                0x00010880                I2C0_DriverIRQHandler
 .text.I2C1_DriverIRQHandler
                0x0001089c       0x1c ./drivers/fsl_i2c.o
                0x0001089c                I2C1_DriverIRQHandler
 .text.I2C2_DriverIRQHandler
                0x000108b8       0x1c ./drivers/fsl_i2c.o
                0x000108b8                I2C2_DriverIRQHandler
 .text.CLOCK_EnableClock
                0x000108d4       0x34 ./drivers/fsl_rnga.o
 .text.CLOCK_DisableClock
                0x00010908       0x38 ./drivers/fsl_rnga.o
 .text.RNGA_Init
                0x00010940       0x38 ./drivers/fsl_rnga.o
                0x00010940                RNGA_Init
 .text.rnga_ReadEntropy
                0x00010978       0x38 ./drivers/fsl_rnga.o
 .text.RNGA_GetRandomData
                0x000109b0       0x88 ./drivers/fsl_rnga.o
                0x000109b0                RNGA_GetRandomData
 .text.RNGA_GetMode
                0x00010a38       0x20 ./drivers/fsl_rnga.o
                0x00010a38                RNGA_GetMode
 .text.CLOCK_EnableClock
                0x00010a58       0x34 ./drivers/fsl_uart.o
 .text.UART_GetInstance
                0x00010a8c       0x60 ./drivers/fsl_uart.o
                0x00010a8c                UART_GetInstance
 .text.UART_Init
                0x00010aec      0x2bc ./drivers/fsl_uart.o
                0x00010aec                UART_Init
 .text.UART_GetDefaultConfig
                0x00010da8       0x5c ./drivers/fsl_uart.o
                0x00010da8                UART_GetDefaultConfig
 .text.UART_SetBaudRate
                0x00010e04      0x108 ./drivers/fsl_uart.o
                0x00010e04                UART_SetBaudRate
 .text.UART_EnableInterrupts
                0x00010f0c       0x70 ./drivers/fsl_uart.o
                0x00010f0c                UART_EnableInterrupts
 .text.UART_DisableInterrupts
                0x00010f7c       0x80 ./drivers/fsl_uart.o
                0x00010f7c                UART_DisableInterrupts
 .text.UART_GetEnabledInterrupts
                0x00010ffc       0x4c ./drivers/fsl_uart.o
                0x00010ffc                UART_GetEnabledInterrupts
 .text.UART_GetStatusFlags
                0x00011048       0x48 ./drivers/fsl_uart.o
                0x00011048                UART_GetStatusFlags
 .text.UART_ClearStatusFlags
                0x00011090       0x8c ./drivers/fsl_uart.o
                0x00011090                UART_ClearStatusFlags
 .text.UART0_DriverIRQHandler
                0x0001111c       0x20 ./drivers/fsl_uart.o
                0x0001111c                UART0_DriverIRQHandler
 .text.UART0_RX_TX_DriverIRQHandler
                0x0001113c        0xc ./drivers/fsl_uart.o
                0x0001113c                UART0_RX_TX_DriverIRQHandler
 .text.UART1_DriverIRQHandler
                0x00011148       0x20 ./drivers/fsl_uart.o
                0x00011148                UART1_DriverIRQHandler
 .text.UART1_RX_TX_DriverIRQHandler
                0x00011168        0xc ./drivers/fsl_uart.o
                0x00011168                UART1_RX_TX_DriverIRQHandler
 .text.UART2_DriverIRQHandler
                0x00011174       0x20 ./drivers/fsl_uart.o
                0x00011174                UART2_DriverIRQHandler
 .text.UART2_RX_TX_DriverIRQHandler
                0x00011194        0xc ./drivers/fsl_uart.o
                0x00011194                UART2_RX_TX_DriverIRQHandler
 .text.UART3_DriverIRQHandler
                0x000111a0       0x20 ./drivers/fsl_uart.o
                0x000111a0                UART3_DriverIRQHandler
 .text.UART3_RX_TX_DriverIRQHandler
                0x000111c0        0xc ./drivers/fsl_uart.o
                0x000111c0                UART3_RX_TX_DriverIRQHandler
 .text.UART4_DriverIRQHandler
                0x000111cc       0x20 ./drivers/fsl_uart.o
                0x000111cc                UART4_DriverIRQHandler
 .text.UART4_RX_TX_DriverIRQHandler
                0x000111ec        0xc ./drivers/fsl_uart.o
                0x000111ec                UART4_RX_TX_DriverIRQHandler
 .text.UART5_DriverIRQHandler
                0x000111f8       0x20 ./drivers/fsl_uart.o
                0x000111f8                UART5_DriverIRQHandler
 .text.UART5_RX_TX_DriverIRQHandler
                0x00011218        0xc ./drivers/fsl_uart.o
                0x00011218                UART5_RX_TX_DriverIRQHandler
 .text.BOARD_GetUartClock
                0x00011224       0x18 ./board/board.o
                0x00011224                BOARD_GetUartClock
 .text.BOARD_GetFtmClock
                0x0001123c       0x18 ./board/board.o
                0x0001123c                BOARD_GetFtmClock
 .text.BOARD_GetSpiClock
                0x00011254       0x18 ./board/board.o
                0x00011254                BOARD_GetSpiClock
 .text.CLOCK_SetSdhc0Clock
                0x0001126c       0x38 ./board/clock_config.o
 .text.CLOCK_SetEnetTime0Clock
                0x000112a4       0x38 ./board/clock_config.o
 .text.CLOCK_SetRmii0Clock
                0x000112dc       0x38 ./board/clock_config.o
 .text.CLOCK_SetTraceClock
                0x00011314       0x38 ./board/clock_config.o
 .text.CLOCK_SetClkOutClock
                0x0001134c       0x38 ./board/clock_config.o
 .text.CLOCK_SetSimSafeDivs
                0x00011384       0x20 ./board/clock_config.o
 .text.CLOCK_SetXtal0Freq
                0x000113a4       0x1c ./board/clock_config.o
 .text.CLOCK_CONFIG_SetFllExtRefDiv
                0x000113c0       0x38 ./board/clock_config.o
 .text.BOARD_BootClockRUN
                0x000113f8       0x88 ./board/clock_config.o
                0x000113f8                BOARD_BootClockRUN
 .text.CLOCK_EnableClock
                0x00011480       0x34 ./board/hardware_init.o
 .text.hardware_init
                0x000114b4       0x94 ./board/hardware_init.o
                0x000114b4                hardware_init
 .text.NMI_Handler
                0x00011548       0x1c ./board/hardware_init.o
                0x00011548                NMI_Handler
 .text.CLOCK_EnableClock
                0x00011564       0x34 ./board/pin_mux.o
 .text.PORT_SetPinConfig
                0x00011598       0x44 ./board/pin_mux.o
 .text.PORT_SetPinMux
                0x000115dc       0x38 ./board/pin_mux.o
 .text.BOARD_InitButtons
                0x00011614       0xc4 ./board/pin_mux.o
                0x00011614                BOARD_InitButtons
 .text.BOARD_InitLEDs
                0x000116d8      0x10c ./board/pin_mux.o
                0x000116d8                BOARD_InitLEDs
 .text.BOARD_InitXCVR
                0x000117e4       0x8c ./board/pin_mux.o
                0x000117e4                BOARD_InitXCVR
 .text.BOARD_InitUART
                0x00011870       0x68 ./board/pin_mux.o
                0x00011870                BOARD_InitUART
 .text.Mac_ComputeMaxFrameTotalWaitTime
                0x000118d8       0x5a C:/Temp/MyProject_01/boards/frdmk64f_frdmcr20a/wireless_examples/ieee_802_15_4/msn_coordinator/freertos/kds/../../../../../../../middleware/wireless/ieee_802_15_4_5.0.5/mac/lib/802.15.4_mac_06_cM4.a(MacPib.o)
 *fill*         0x00011932        0x2 
 .text.Mac_GetNextFreeDevTblEntry.isra.0
                0x00011934       0x24 C:/Temp/MyProject_01/boards/frdmk64f_frdmcr20a/wireless_examples/ieee_802_15_4/msn_coordinator/freertos/kds/../../../../../../../middleware/wireless/ieee_802_15_4_5.0.5/mac/lib/802.15.4_mac_06_cM4.a(MacPib.o)
 .text.macVerifySetReq
                0x00011958       0xe4 C:/Temp/MyProject_01/boards/frdmk64f_frdmcr20a/wireless_examples/ieee_802_15_4/msn_coordinator/freertos/kds/../../../../../../../middleware/wireless/ieee_802_15_4_5.0.5/mac/lib/802.15.4_mac_06_cM4.a(MacPib.o)
                0x00011958                macVerifySetReq
 .text.mlmeGetSizeOfPIB
                0x00011a3c       0x14 C:/Temp/MyProject_01/boards/frdmk64f_frdmcr20a/wireless_examples/ieee_802_15_4/msn_coordinator/freertos/kds/../../../../../../../middleware/wireless/ieee_802_15_4_5.0.5/mac/lib/802.15.4_mac_06_cM4.a(MacPib.o)
                0x00011a3c                mlmeGetSizeOfPIB
 .text.mlmeGetSetReq
                0x00011a50      0x600 C:/Temp/MyProject_01/boards/frdmk64f_frdmcr20a/wireless_examples/ieee_802_15_4/msn_coordinator/freertos/kds/../../../../../../../middleware/wireless/ieee_802_15_4_5.0.5/mac/lib/802.15.4_mac_06_cM4.a(MacPib.o)
                0x00011a50                mlmeGetSetReq
 .text.Mac_SetPhyPIBs
                0x00012050      0x14e C:/Temp/MyProject_01/boards/frdmk64f_frdmcr20a/wireless_examples/ieee_802_15_4/msn_coordinator/freertos/kds/../../../../../../../middleware/wireless/ieee_802_15_4_5.0.5/mac/lib/802.15.4_mac_06_cM4.a(MacPib.o)
                0x00012050                Mac_SetPhyPIBs
 *fill*         0x0001219e        0x2 
 .text.macInitPIBs
                0x000121a0      0x31c C:/Temp/MyProject_01/boards/frdmk64f_frdmcr20a/wireless_examples/ieee_802_15_4/msn_coordinator/freertos/kds/../../../../../../../middleware/wireless/ieee_802_15_4_5.0.5/mac/lib/802.15.4_mac_06_cM4.a(MacPib.o)
                0x000121a0                macInitPIBs
 .text.Mac_SetExtendedAddress
                0x000124bc       0x38 C:/Temp/MyProject_01/boards/frdmk64f_frdmcr20a/wireless_examples/ieee_802_15_4/msn_coordinator/freertos/kds/../../../../../../../middleware/wireless/ieee_802_15_4_5.0.5/mac/lib/802.15.4_mac_06_cM4.a(MacPib.o)
                0x000124bc                Mac_SetExtendedAddress
 .text.Dumy_MCPS_NWK_SapHandler
                0x000124f4        0xa C:/Temp/MyProject_01/boards/frdmk64f_frdmcr20a/wireless_examples/ieee_802_15_4/msn_coordinator/freertos/kds/../../../../../../../middleware/wireless/ieee_802_15_4_5.0.5/mac/lib/802.15.4_mac_06_cM4.a(MacMain.o)
                0x000124f4                Dumy_MCPS_NWK_SapHandler
 .text.Dumy_MLME_NWK_SapHandler
                0x000124fe        0xa C:/Temp/MyProject_01/boards/frdmk64f_frdmcr20a/wireless_examples/ieee_802_15_4/msn_coordinator/freertos/kds/../../../../../../../middleware/wireless/ieee_802_15_4_5.0.5/mac/lib/802.15.4_mac_06_cM4.a(MacMain.o)
                0x000124fe                Dumy_MLME_NWK_SapHandler
 .text.BindToMAC
                0x00012508       0x34 C:/Temp/MyProject_01/boards/frdmk64f_frdmcr20a/wireless_examples/ieee_802_15_4/msn_coordinator/freertos/kds/../../../../../../../middleware/wireless/ieee_802_15_4_5.0.5/mac/lib/802.15.4_mac_06_cM4.a(MacMain.o)
                0x00012508                BindToMAC
 .text.MAC_EventSet
                0x0001253c       0x34 C:/Temp/MyProject_01/boards/frdmk64f_frdmcr20a/wireless_examples/ieee_802_15_4/msn_coordinator/freertos/kds/../../../../../../../middleware/wireless/ieee_802_15_4_5.0.5/mac/lib/802.15.4_mac_06_cM4.a(MacMain.o)
                0x0001253c                MAC_EventSet
 .text.Mac_TimerNotify
                0x00012570        0x8 C:/Temp/MyProject_01/boards/frdmk64f_frdmcr20a/wireless_examples/ieee_802_15_4/msn_coordinator/freertos/kds/../../../../../../../middleware/wireless/ieee_802_15_4_5.0.5/mac/lib/802.15.4_mac_06_cM4.a(MacMain.o)
 .text.PD_MAC_SapHandler
                0x00012578       0x28 C:/Temp/MyProject_01/boards/frdmk64f_frdmcr20a/wireless_examples/ieee_802_15_4/msn_coordinator/freertos/kds/../../../../../../../middleware/wireless/ieee_802_15_4_5.0.5/mac/lib/802.15.4_mac_06_cM4.a(MacMain.o)
                0x00012578                PD_MAC_SapHandler
 .text.PLME_MAC_SapHandler
                0x000125a0        0x4 C:/Temp/MyProject_01/boards/frdmk64f_frdmcr20a/wireless_examples/ieee_802_15_4/msn_coordinator/freertos/kds/../../../../../../../middleware/wireless/ieee_802_15_4_5.0.5/mac/lib/802.15.4_mac_06_cM4.a(MacMain.o)
                0x000125a0                PLME_MAC_SapHandler
 .text.Mac_RegisterSapHandlers
                0x000125a4       0x18 C:/Temp/MyProject_01/boards/frdmk64f_frdmcr20a/wireless_examples/ieee_802_15_4/msn_coordinator/freertos/kds/../../../../../../../middleware/wireless/ieee_802_15_4_5.0.5/mac/lib/802.15.4_mac_06_cM4.a(MacMain.o)
                0x000125a4                Mac_RegisterSapHandlers
 .text.NWK_MCPS_SapHandler
                0x000125bc       0x60 C:/Temp/MyProject_01/boards/frdmk64f_frdmcr20a/wireless_examples/ieee_802_15_4/msn_coordinator/freertos/kds/../../../../../../../middleware/wireless/ieee_802_15_4_5.0.5/mac/lib/802.15.4_mac_06_cM4.a(MacMain.o)
                0x000125bc                NWK_MCPS_SapHandler
 .text.Mlme_VerifyNwkInput
                0x0001261c       0xe0 C:/Temp/MyProject_01/boards/frdmk64f_frdmcr20a/wireless_examples/ieee_802_15_4/msn_coordinator/freertos/kds/../../../../../../../middleware/wireless/ieee_802_15_4_5.0.5/mac/lib/802.15.4_mac_06_cM4.a(MacMain.o)
                0x0001261c                Mlme_VerifyNwkInput
 .text.Mac_SetTrxLowPowerMode
                0x000126fc       0x34 C:/Temp/MyProject_01/boards/frdmk64f_frdmcr20a/wireless_examples/ieee_802_15_4/msn_coordinator/freertos/kds/../../../../../../../middleware/wireless/ieee_802_15_4_5.0.5/mac/lib/802.15.4_mac_06_cM4.a(MacMain.o)
                0x000126fc                Mac_SetTrxLowPowerMode
 .text.Mac_SetTrxActiveMode
                0x00012730       0x24 C:/Temp/MyProject_01/boards/frdmk64f_frdmcr20a/wireless_examples/ieee_802_15_4/msn_coordinator/freertos/kds/../../../../../../../middleware/wireless/ieee_802_15_4_5.0.5/mac/lib/802.15.4_mac_06_cM4.a(MacMain.o)
                0x00012730                Mac_SetTrxActiveMode
 .text.Mac_Task
                0x00012754       0xfc C:/Temp/MyProject_01/boards/frdmk64f_frdmcr20a/wireless_examples/ieee_802_15_4/msn_coordinator/freertos/kds/../../../../../../../middleware/wireless/ieee_802_15_4_5.0.5/mac/lib/802.15.4_mac_06_cM4.a(MacMain.o)
                0x00012754                Mac_Task
 .text.Mac_InitializeData
                0x00012850       0xc4 C:/Temp/MyProject_01/boards/frdmk64f_frdmcr20a/wireless_examples/ieee_802_15_4/msn_coordinator/freertos/kds/../../../../../../../middleware/wireless/ieee_802_15_4_5.0.5/mac/lib/802.15.4_mac_06_cM4.a(MacMain.o)
                0x00012850                Mac_InitializeData
 .text.NWK_MLME_SapHandler
                0x00012914       0xb8 C:/Temp/MyProject_01/boards/frdmk64f_frdmcr20a/wireless_examples/ieee_802_15_4/msn_coordinator/freertos/kds/../../../../../../../middleware/wireless/ieee_802_15_4_5.0.5/mac/lib/802.15.4_mac_06_cM4.a(MacMain.o)
                0x00012914                NWK_MLME_SapHandler
 .text.Mac_TransactionExpire